🖥️  Using Apple Silicon MPS

🔬 OVERSAMPLING ABLATION STUDY
📁 Output directory: flag_classification_adaptation/experiments/corrected_ablation_fixed_20250820_085641_20250820_085645
🎯 Hypothesis: Oversampling techniques are counterproductive
⏱️  Expected total time: ~6-8 hours
📊 NIFlags Super Consolidated Dataset Loaded
   Root: /Users/quinference/Documents/expert-flag-labeler/MSc-Themed-Research-Project/data/ni_flags_super_consolidated
   Train: 1830 samples
   Val: 228 samples
   Test: 230 samples
   Classes: 7 super consolidated classes
================================================================================

📊 Dataset loaded: 2288 samples
🏗️  Classes: ['Cultural_Community', 'Historical_Memorial', 'International_Other', 'Nationalist_All', 'Paramilitary_All', 'Sport_Community', 'Unionist_All']

📋 ABLATION CONFIGURATIONS:
1. consolidation_only: Economic consolidation only (true baseline)
2. with_smart_augmentation: Economic consolidation + smart data augmentation (original multi-strategy)
3. with_random_oversampling: Economic consolidation + traditional random oversampling
4. with_smote_oversampling: Economic consolidation + SMOTE oversampling
5. with_class_weights: Economic consolidation + balanced class weights
6. with_focal_loss: Economic consolidation + focal loss

⏳ Running configuration 1/6

================================================================================
🔬 RUNNING ABLATION: CONSOLIDATION_ONLY
================================================================================
📊 Configuration:
   smart_augmentation: False
   oversampling: None
   class_weights: False
   focal_loss: False
   description: Economic consolidation only (true baseline)
📥 Loading RS5M checkpoint from final_code/checkpoints/RS5M_ViT-H-14.pt
✅ Loaded RS5M visual weights: 392 parameters
📊 Using Standard Cross-Entropy Loss

🚀 Starting training for 15 epochs...

📅 Epoch 1/15
[consolidation_only] Batch 0/229, Loss: 2.0023, Acc: 0.00%
[consolidation_only] Batch 50/229, Loss: 1.0276, Acc: 83.58%
[consolidation_only] Batch 100/229, Loss: 0.3586, Acc: 87.13%
[consolidation_only] Batch 150/229, Loss: 0.5990, Acc: 87.42%
[consolidation_only] Batch 200/229, Loss: 0.1695, Acc: 88.74%

📅 Epoch 2/15
[consolidation_only] Batch 0/229, Loss: 0.1117, Acc: 100.00%
[consolidation_only] Batch 50/229, Loss: 0.1273, Acc: 94.85%
[consolidation_only] Batch 100/229, Loss: 0.0234, Acc: 93.81%
[consolidation_only] Batch 150/229, Loss: 0.4612, Acc: 93.54%
[consolidation_only] Batch 200/229, Loss: 0.4110, Acc: 93.41%

📅 Epoch 3/15
[consolidation_only] Batch 0/229, Loss: 0.0197, Acc: 100.00%
[consolidation_only] Batch 50/229, Loss: 0.0217, Acc: 95.83%
[consolidation_only] Batch 100/229, Loss: 0.0033, Acc: 96.78%
[consolidation_only] Batch 150/229, Loss: 0.4799, Acc: 97.19%
[consolidation_only] Batch 200/229, Loss: 0.0289, Acc: 96.27%

📅 Epoch 4/15
[consolidation_only] Batch 0/229, Loss: 0.0469, Acc: 100.00%
[consolidation_only] Batch 50/229, Loss: 0.0130, Acc: 97.55%
[consolidation_only] Batch 100/229, Loss: 0.0096, Acc: 98.51%
[consolidation_only] Batch 150/229, Loss: 0.0162, Acc: 98.43%
[consolidation_only] Batch 200/229, Loss: 0.1411, Acc: 98.13%

📅 Epoch 5/15
[consolidation_only] Batch 0/229, Loss: 0.0121, Acc: 100.00%
[consolidation_only] Batch 50/229, Loss: 0.0481, Acc: 98.53%
[consolidation_only] Batch 100/229, Loss: 0.0152, Acc: 98.64%
[consolidation_only] Batch 150/229, Loss: 0.2605, Acc: 98.10%
[consolidation_only] Batch 200/229, Loss: 0.3865, Acc: 97.64%
   Train Loss: 0.0881, Train Acc: 97.60%
   Test Acc: 91.74%, Macro F1: 69.70%, Classes Learned: 6/7

📅 Epoch 6/15
[consolidation_only] Batch 0/229, Loss: 0.0070, Acc: 100.00%
[consolidation_only] Batch 50/229, Loss: 0.2638, Acc: 97.06%
[consolidation_only] Batch 100/229, Loss: 0.0062, Acc: 97.52%
[consolidation_only] Batch 150/229, Loss: 0.0015, Acc: 97.93%
[consolidation_only] Batch 200/229, Loss: 0.0007, Acc: 98.32%

📅 Epoch 7/15
[consolidation_only] Batch 0/229, Loss: 0.0015, Acc: 100.00%
[consolidation_only] Batch 50/229, Loss: 0.0068, Acc: 99.26%
[consolidation_only] Batch 100/229, Loss: 0.0098, Acc: 99.38%
[consolidation_only] Batch 150/229, Loss: 0.0109, Acc: 99.01%
[consolidation_only] Batch 200/229, Loss: 0.0107, Acc: 98.57%

📅 Epoch 8/15
[consolidation_only] Batch 0/229, Loss: 0.0526, Acc: 100.00%
[consolidation_only] Batch 50/229, Loss: 0.0046, Acc: 99.51%
[consolidation_only] Batch 100/229, Loss: 0.0026, Acc: 98.89%
[consolidation_only] Batch 150/229, Loss: 0.0712, Acc: 97.76%
[consolidation_only] Batch 200/229, Loss: 0.0064, Acc: 98.07%

📅 Epoch 9/15
[consolidation_only] Batch 0/229, Loss: 0.3869, Acc: 87.50%
[consolidation_only] Batch 50/229, Loss: 0.0013, Acc: 98.53%
[consolidation_only] Batch 100/229, Loss: 0.0081, Acc: 99.01%
[consolidation_only] Batch 150/229, Loss: 0.0005, Acc: 99.09%
[consolidation_only] Batch 200/229, Loss: 0.0030, Acc: 99.25%

📅 Epoch 10/15
[consolidation_only] Batch 0/229, Loss: 0.0095, Acc: 100.00%
[consolidation_only] Batch 50/229, Loss: 0.0046, Acc: 100.00%
[consolidation_only] Batch 100/229, Loss: 0.0001, Acc: 99.75%
[consolidation_only] Batch 150/229, Loss: 0.0003, Acc: 99.75%
[consolidation_only] Batch 200/229, Loss: 0.0016, Acc: 99.81%
   Train Loss: 0.0062, Train Acc: 99.84%
   Test Acc: 92.61%, Macro F1: 63.65%, Classes Learned: 6/7

📅 Epoch 11/15
[consolidation_only] Batch 0/229, Loss: 0.0035, Acc: 100.00%
[consolidation_only] Batch 50/229, Loss: 0.0002, Acc: 100.00%
[consolidation_only] Batch 100/229, Loss: 0.0001, Acc: 100.00%
[consolidation_only] Batch 150/229, Loss: 0.0002, Acc: 99.83%
[consolidation_only] Batch 200/229, Loss: 0.0011, Acc: 99.56%

📅 Epoch 12/15
[consolidation_only] Batch 0/229, Loss: 0.0001, Acc: 100.00%
[consolidation_only] Batch 50/229, Loss: 0.0001, Acc: 100.00%
[consolidation_only] Batch 100/229, Loss: 0.0001, Acc: 99.88%
[consolidation_only] Batch 150/229, Loss: 0.0090, Acc: 99.59%
[consolidation_only] Batch 200/229, Loss: 0.0079, Acc: 99.50%

📅 Epoch 13/15
[consolidation_only] Batch 0/229, Loss: 0.0003, Acc: 100.00%
[consolidation_only] Batch 50/229, Loss: 0.0009, Acc: 98.77%
[consolidation_only] Batch 100/229, Loss: 0.0096, Acc: 98.76%
[consolidation_only] Batch 150/229, Loss: 0.0001, Acc: 99.01%
[consolidation_only] Batch 200/229, Loss: 0.0154, Acc: 98.94%

📅 Epoch 14/15
[consolidation_only] Batch 0/229, Loss: 0.0018, Acc: 100.00%
[consolidation_only] Batch 50/229, Loss: 0.0024, Acc: 99.51%
[consolidation_only] Batch 100/229, Loss: 0.1603, Acc: 99.01%
[consolidation_only] Batch 150/229, Loss: 0.0012, Acc: 99.17%
[consolidation_only] Batch 200/229, Loss: 0.0053, Acc: 99.25%

📅 Epoch 15/15
[consolidation_only] Batch 0/229, Loss: 0.0005, Acc: 100.00%
[consolidation_only] Batch 50/229, Loss: 0.0002, Acc: 99.51%
[consolidation_only] Batch 100/229, Loss: 0.0003, Acc: 99.75%
[consolidation_only] Batch 150/229, Loss: 0.0007, Acc: 99.75%
[consolidation_only] Batch 200/229, Loss: 0.0004, Acc: 99.75%
   Train Loss: 0.0079, Train Acc: 99.73%
   Test Acc: 89.57%, Macro F1: 49.79%, Classes Learned: 5/7

✅ consolidation_only completed in 1:01:52.002831
🏆 Best Results:
   Accuracy: 92.61%
   Macro F1: 63.65%
   Classes Learned: 6/7

⏳ Running configuration 2/6

================================================================================
🔬 RUNNING ABLATION: WITH_SMART_AUGMENTATION
================================================================================
📊 Configuration:
   smart_augmentation: True
   oversampling: None
   class_weights: False
   focal_loss: False
   description: Economic consolidation + smart data augmentation (original multi-strategy)
🎨 Applying smart data augmentation...
🎨 Smart Augmentation Sampler:
   Target samples per class: 150
   Class 0 (Cultural_Community): 97 → 150 samples
   Class 1 (Historical_Memorial): 5 → 25 samples
   Class 2 (International_Other): 20 → 100 samples
   Class 3 (Nationalist_All): 63 → 150 samples
   Class 4 (Paramilitary_All): 38 → 150 samples
   Class 5 (Sport_Community): 21 → 105 samples
   Class 6 (Unionist_All): 1586 → 150 samples
✅ Created balanced dataset: 1830 → 2266 samples
📥 Loading RS5M checkpoint from final_code/checkpoints/RS5M_ViT-H-14.pt
✅ Loaded RS5M visual weights: 392 parameters
📊 Using Standard Cross-Entropy Loss

🚀 Starting training for 15 epochs...

📅 Epoch 1/15
[with_smart_augmentation] Batch 0/284, Loss: 2.0961, Acc: 0.00%
[with_smart_augmentation] Batch 50/284, Loss: 0.6088, Acc: 73.53%
[with_smart_augmentation] Batch 100/284, Loss: 0.1476, Acc: 75.62%
[with_smart_augmentation] Batch 150/284, Loss: 0.3366, Acc: 78.56%
[with_smart_augmentation] Batch 200/284, Loss: 0.1067, Acc: 80.97%
[with_smart_augmentation] Batch 250/284, Loss: 0.7888, Acc: 82.92%

📅 Epoch 2/15
[with_smart_augmentation] Batch 0/284, Loss: 0.1443, Acc: 87.50%
[with_smart_augmentation] Batch 50/284, Loss: 0.3064, Acc: 95.83%
[with_smart_augmentation] Batch 100/284, Loss: 0.3130, Acc: 97.15%
[with_smart_augmentation] Batch 150/284, Loss: 0.7715, Acc: 96.19%
[with_smart_augmentation] Batch 200/284, Loss: 0.0742, Acc: 96.08%
[with_smart_augmentation] Batch 250/284, Loss: 0.6413, Acc: 96.07%

📅 Epoch 3/15
[with_smart_augmentation] Batch 0/284, Loss: 0.0199, Acc: 100.00%
[with_smart_augmentation] Batch 50/284, Loss: 0.0291, Acc: 98.77%
[with_smart_augmentation] Batch 100/284, Loss: 0.0140, Acc: 98.51%
[with_smart_augmentation] Batch 150/284, Loss: 0.0091, Acc: 98.10%
[with_smart_augmentation] Batch 200/284, Loss: 0.0074, Acc: 98.01%
[with_smart_augmentation] Batch 250/284, Loss: 0.0107, Acc: 97.96%

📅 Epoch 4/15
[with_smart_augmentation] Batch 0/284, Loss: 0.0041, Acc: 100.00%
[with_smart_augmentation] Batch 50/284, Loss: 0.0295, Acc: 97.30%
[with_smart_augmentation] Batch 100/284, Loss: 0.0105, Acc: 98.14%
[with_smart_augmentation] Batch 150/284, Loss: 0.0004, Acc: 98.68%
[with_smart_augmentation] Batch 200/284, Loss: 0.0102, Acc: 98.88%
[with_smart_augmentation] Batch 250/284, Loss: 0.0014, Acc: 99.05%

📅 Epoch 5/15
[with_smart_augmentation] Batch 0/284, Loss: 0.0032, Acc: 100.00%
[with_smart_augmentation] Batch 50/284, Loss: 0.0008, Acc: 100.00%
[with_smart_augmentation] Batch 100/284, Loss: 0.0009, Acc: 100.00%
[with_smart_augmentation] Batch 150/284, Loss: 0.0056, Acc: 99.92%
[with_smart_augmentation] Batch 200/284, Loss: 0.0092, Acc: 99.88%
[with_smart_augmentation] Batch 250/284, Loss: 0.0011, Acc: 99.85%
   Train Loss: 0.0083, Train Acc: 99.87%
   Test Acc: 93.48%, Macro F1: 66.50%, Classes Learned: 5/7

📅 Epoch 6/15
[with_smart_augmentation] Batch 0/284, Loss: 0.0006, Acc: 100.00%
[with_smart_augmentation] Batch 50/284, Loss: 0.0003, Acc: 100.00%
[with_smart_augmentation] Batch 100/284, Loss: 0.0026, Acc: 100.00%
[with_smart_augmentation] Batch 150/284, Loss: 0.0003, Acc: 100.00%
[with_smart_augmentation] Batch 200/284, Loss: 0.0016, Acc: 100.00%
[with_smart_augmentation] Batch 250/284, Loss: 0.1003, Acc: 99.70%

📅 Epoch 7/15
[with_smart_augmentation] Batch 0/284, Loss: 0.0013, Acc: 100.00%
[with_smart_augmentation] Batch 50/284, Loss: 0.0037, Acc: 100.00%
[with_smart_augmentation] Batch 100/284, Loss: 0.0004, Acc: 100.00%
[with_smart_augmentation] Batch 150/284, Loss: 0.0115, Acc: 99.83%
[with_smart_augmentation] Batch 200/284, Loss: 0.0008, Acc: 99.88%
[with_smart_augmentation] Batch 250/284, Loss: 0.0004, Acc: 99.90%

📅 Epoch 8/15
[with_smart_augmentation] Batch 0/284, Loss: 0.0001, Acc: 100.00%
[with_smart_augmentation] Batch 50/284, Loss: 0.0009, Acc: 99.75%
[with_smart_augmentation] Batch 100/284, Loss: 0.0136, Acc: 98.27%
[with_smart_augmentation] Batch 150/284, Loss: 0.0095, Acc: 97.43%
[with_smart_augmentation] Batch 200/284, Loss: 0.0062, Acc: 97.39%
[with_smart_augmentation] Batch 250/284, Loss: 0.0092, Acc: 96.71%

📅 Epoch 9/15
[with_smart_augmentation] Batch 0/284, Loss: 0.0125, Acc: 100.00%
[with_smart_augmentation] Batch 50/284, Loss: 0.0079, Acc: 99.26%
[with_smart_augmentation] Batch 100/284, Loss: 0.0007, Acc: 99.13%
[with_smart_augmentation] Batch 150/284, Loss: 0.0016, Acc: 99.17%
[with_smart_augmentation] Batch 200/284, Loss: 0.0286, Acc: 98.88%
[with_smart_augmentation] Batch 250/284, Loss: 0.0656, Acc: 98.71%

📅 Epoch 10/15
[with_smart_augmentation] Batch 0/284, Loss: 0.0031, Acc: 100.00%
[with_smart_augmentation] Batch 50/284, Loss: 0.0016, Acc: 99.26%
[with_smart_augmentation] Batch 100/284, Loss: 0.0007, Acc: 99.26%
[with_smart_augmentation] Batch 150/284, Loss: 0.0041, Acc: 99.50%
[with_smart_augmentation] Batch 200/284, Loss: 0.0269, Acc: 99.07%
[with_smart_augmentation] Batch 250/284, Loss: 0.0031, Acc: 98.95%
   Train Loss: 0.0429, Train Acc: 99.03%
   Test Acc: 90.00%, Macro F1: 53.77%, Classes Learned: 4/7

📅 Epoch 11/15
[with_smart_augmentation] Batch 0/284, Loss: 0.0013, Acc: 100.00%
[with_smart_augmentation] Batch 50/284, Loss: 0.0021, Acc: 99.75%
[with_smart_augmentation] Batch 100/284, Loss: 0.0017, Acc: 99.75%
[with_smart_augmentation] Batch 150/284, Loss: 0.0003, Acc: 99.83%
[with_smart_augmentation] Batch 200/284, Loss: 0.0004, Acc: 99.88%
[with_smart_augmentation] Batch 250/284, Loss: 0.0002, Acc: 99.90%

📅 Epoch 12/15
[with_smart_augmentation] Batch 0/284, Loss: 0.0003, Acc: 100.00%
[with_smart_augmentation] Batch 50/284, Loss: 0.0002, Acc: 100.00%
[with_smart_augmentation] Batch 100/284, Loss: 0.0003, Acc: 100.00%
[with_smart_augmentation] Batch 150/284, Loss: 0.0002, Acc: 100.00%
[with_smart_augmentation] Batch 200/284, Loss: 0.0006, Acc: 100.00%
[with_smart_augmentation] Batch 250/284, Loss: 0.0002, Acc: 100.00%

📅 Epoch 13/15
[with_smart_augmentation] Batch 0/284, Loss: 0.0003, Acc: 100.00%
[with_smart_augmentation] Batch 50/284, Loss: 0.0003, Acc: 100.00%
[with_smart_augmentation] Batch 100/284, Loss: 0.0003, Acc: 100.00%
[with_smart_augmentation] Batch 150/284, Loss: 0.0002, Acc: 100.00%
[with_smart_augmentation] Batch 200/284, Loss: 0.0002, Acc: 100.00%
[with_smart_augmentation] Batch 250/284, Loss: 0.0004, Acc: 100.00%

📅 Epoch 14/15
[with_smart_augmentation] Batch 0/284, Loss: 0.0001, Acc: 100.00%
[with_smart_augmentation] Batch 50/284, Loss: 0.0001, Acc: 100.00%
[with_smart_augmentation] Batch 100/284, Loss: 0.0002, Acc: 100.00%
[with_smart_augmentation] Batch 150/284, Loss: 0.0001, Acc: 100.00%
[with_smart_augmentation] Batch 200/284, Loss: 0.0002, Acc: 100.00%
[with_smart_augmentation] Batch 250/284, Loss: 0.0001, Acc: 100.00%

📅 Epoch 15/15
[with_smart_augmentation] Batch 0/284, Loss: 0.0003, Acc: 100.00%
[with_smart_augmentation] Batch 50/284, Loss: 0.0003, Acc: 100.00%
[with_smart_augmentation] Batch 100/284, Loss: 0.0002, Acc: 100.00%
[with_smart_augmentation] Batch 150/284, Loss: 0.0001, Acc: 100.00%
[with_smart_augmentation] Batch 200/284, Loss: 0.0000, Acc: 100.00%
[with_smart_augmentation] Batch 250/284, Loss: 0.0001, Acc: 100.00%
   Train Loss: 0.0001, Train Acc: 100.00%
   Test Acc: 90.87%, Macro F1: 53.63%, Classes Learned: 4/7

✅ with_smart_augmentation completed in 1:16:47.122958
🏆 Best Results:
   Accuracy: 93.48%
   Macro F1: 66.50%
   Classes Learned: 5/7

⏳ Running configuration 3/6

================================================================================
🔬 RUNNING ABLATION: WITH_RANDOM_OVERSAMPLING
================================================================================
📊 Configuration:
   smart_augmentation: False
   oversampling: random
   class_weights: False
   focal_loss: False
   description: Economic consolidation + traditional random oversampling
🔄 Applying random oversampling...
   Original distribution: Counter({np.int64(6): 1586, np.int64(0): 97, np.int64(3): 63, np.int64(4): 38, np.int64(5): 21, np.int64(2): 20, np.int64(1): 5})
   Resampled distribution: Counter({np.int64(0): 1586, np.int64(6): 1586, np.int64(3): 1586, np.int64(5): 1586, np.int64(2): 1586, np.int64(4): 1586, np.int64(1): 1586})
📥 Loading RS5M checkpoint from final_code/checkpoints/RS5M_ViT-H-14.pt
✅ Loaded RS5M visual weights: 392 parameters
📊 Using Standard Cross-Entropy Loss

🚀 Starting training for 15 epochs...

📅 Epoch 1/15
[with_random_oversampling] Batch 0/1388, Loss: 1.9689, Acc: 0.00%
[with_random_oversampling] Batch 50/1388, Loss: 0.7044, Acc: 53.43%
[with_random_oversampling] Batch 100/1388, Loss: 0.4677, Acc: 71.66%
[with_random_oversampling] Batch 150/1388, Loss: 0.0673, Acc: 77.90%
[with_random_oversampling] Batch 200/1388, Loss: 0.0451, Acc: 81.22%
[with_random_oversampling] Batch 250/1388, Loss: 0.0306, Acc: 83.86%
[with_random_oversampling] Batch 300/1388, Loss: 0.0045, Acc: 85.96%
[with_random_oversampling] Batch 350/1388, Loss: 0.0114, Acc: 87.61%
[with_random_oversampling] Batch 400/1388, Loss: 0.0130, Acc: 88.93%
[with_random_oversampling] Batch 450/1388, Loss: 0.0283, Acc: 89.97%
[with_random_oversampling] Batch 500/1388, Loss: 0.0076, Acc: 90.77%
[with_random_oversampling] Batch 550/1388, Loss: 0.0042, Acc: 91.47%
[with_random_oversampling] Batch 600/1388, Loss: 0.0052, Acc: 92.05%
[with_random_oversampling] Batch 650/1388, Loss: 0.0037, Acc: 92.65%
[with_random_oversampling] Batch 700/1388, Loss: 0.0023, Acc: 93.15%
[with_random_oversampling] Batch 750/1388, Loss: 0.2062, Acc: 93.33%
[with_random_oversampling] Batch 800/1388, Loss: 0.3142, Acc: 93.34%
[with_random_oversampling] Batch 850/1388, Loss: 0.0093, Acc: 93.48%
[with_random_oversampling] Batch 900/1388, Loss: 0.0039, Acc: 93.80%
[with_random_oversampling] Batch 950/1388, Loss: 0.0029, Acc: 94.06%
[with_random_oversampling] Batch 1000/1388, Loss: 0.0020, Acc: 94.34%
[with_random_oversampling] Batch 1050/1388, Loss: 0.0014, Acc: 94.61%
[with_random_oversampling] Batch 1100/1388, Loss: 0.0012, Acc: 94.86%
[with_random_oversampling] Batch 1150/1388, Loss: 0.0012, Acc: 95.05%
[with_random_oversampling] Batch 1200/1388, Loss: 0.3646, Acc: 95.22%
[with_random_oversampling] Batch 1250/1388, Loss: 0.0303, Acc: 95.29%
[with_random_oversampling] Batch 1300/1388, Loss: 0.0119, Acc: 95.44%
[with_random_oversampling] Batch 1350/1388, Loss: 0.0026, Acc: 95.60%

📅 Epoch 2/15
[with_random_oversampling] Batch 0/1388, Loss: 0.0016, Acc: 100.00%
[with_random_oversampling] Batch 50/1388, Loss: 0.0005, Acc: 100.00%
[with_random_oversampling] Batch 100/1388, Loss: 0.0007, Acc: 99.75%
[with_random_oversampling] Batch 150/1388, Loss: 0.0015, Acc: 99.67%
[with_random_oversampling] Batch 200/1388, Loss: 0.0010, Acc: 99.56%
[with_random_oversampling] Batch 250/1388, Loss: 0.0033, Acc: 99.35%
[with_random_oversampling] Batch 300/1388, Loss: 0.0128, Acc: 99.13%
[with_random_oversampling] Batch 350/1388, Loss: 0.0021, Acc: 99.22%
[with_random_oversampling] Batch 400/1388, Loss: 0.0015, Acc: 99.25%
[with_random_oversampling] Batch 450/1388, Loss: 0.0008, Acc: 99.22%
[with_random_oversampling] Batch 500/1388, Loss: 0.0074, Acc: 98.95%
[with_random_oversampling] Batch 550/1388, Loss: 0.0013, Acc: 99.02%
[with_random_oversampling] Batch 600/1388, Loss: 0.0021, Acc: 99.11%
[with_random_oversampling] Batch 650/1388, Loss: 0.0015, Acc: 99.16%
[with_random_oversampling] Batch 700/1388, Loss: 0.0007, Acc: 99.16%
[with_random_oversampling] Batch 750/1388, Loss: 0.0003, Acc: 99.22%
[with_random_oversampling] Batch 800/1388, Loss: 0.0011, Acc: 99.22%
[with_random_oversampling] Batch 850/1388, Loss: 0.0007, Acc: 99.27%
[with_random_oversampling] Batch 900/1388, Loss: 0.0006, Acc: 99.26%
[with_random_oversampling] Batch 950/1388, Loss: 0.0023, Acc: 99.28%
[with_random_oversampling] Batch 1000/1388, Loss: 0.0004, Acc: 99.29%
[with_random_oversampling] Batch 1050/1388, Loss: 0.0025, Acc: 99.30%
[with_random_oversampling] Batch 1100/1388, Loss: 0.0041, Acc: 99.30%
[with_random_oversampling] Batch 1150/1388, Loss: 0.0085, Acc: 99.27%
[with_random_oversampling] Batch 1200/1388, Loss: 0.0007, Acc: 99.28%
[with_random_oversampling] Batch 1250/1388, Loss: 0.8600, Acc: 99.28%
[with_random_oversampling] Batch 1300/1388, Loss: 0.0030, Acc: 99.28%
[with_random_oversampling] Batch 1350/1388, Loss: 0.0002, Acc: 99.28%

📅 Epoch 3/15
[with_random_oversampling] Batch 0/1388, Loss: 0.0158, Acc: 100.00%
[with_random_oversampling] Batch 50/1388, Loss: 0.0005, Acc: 99.75%
[with_random_oversampling] Batch 100/1388, Loss: 0.0018, Acc: 99.75%
[with_random_oversampling] Batch 150/1388, Loss: 0.0003, Acc: 99.83%
[with_random_oversampling] Batch 200/1388, Loss: 0.0002, Acc: 99.88%
[with_random_oversampling] Batch 250/1388, Loss: 0.0007, Acc: 99.90%
[with_random_oversampling] Batch 300/1388, Loss: 0.3150, Acc: 99.83%
[with_random_oversampling] Batch 350/1388, Loss: 0.0030, Acc: 99.75%
[with_random_oversampling] Batch 400/1388, Loss: 0.0057, Acc: 99.63%
[with_random_oversampling] Batch 450/1388, Loss: 0.0010, Acc: 99.50%
[with_random_oversampling] Batch 500/1388, Loss: 0.0059, Acc: 99.48%
[with_random_oversampling] Batch 550/1388, Loss: 0.0003, Acc: 99.50%
[with_random_oversampling] Batch 600/1388, Loss: 0.0017, Acc: 99.48%
[with_random_oversampling] Batch 650/1388, Loss: 0.0001, Acc: 99.48%
[with_random_oversampling] Batch 700/1388, Loss: 0.0006, Acc: 99.50%
[with_random_oversampling] Batch 750/1388, Loss: 0.0002, Acc: 99.53%
[with_random_oversampling] Batch 800/1388, Loss: 0.0002, Acc: 99.56%
[with_random_oversampling] Batch 850/1388, Loss: 0.3364, Acc: 99.54%
[with_random_oversampling] Batch 900/1388, Loss: 0.0005, Acc: 99.50%
[with_random_oversampling] Batch 950/1388, Loss: 0.0005, Acc: 99.51%
[with_random_oversampling] Batch 1000/1388, Loss: 0.0005, Acc: 99.54%
[with_random_oversampling] Batch 1050/1388, Loss: 0.0004, Acc: 99.56%
[with_random_oversampling] Batch 1100/1388, Loss: 0.0533, Acc: 99.46%
[with_random_oversampling] Batch 1150/1388, Loss: 0.0013, Acc: 99.39%
[with_random_oversampling] Batch 1200/1388, Loss: 0.0073, Acc: 99.32%
[with_random_oversampling] Batch 1250/1388, Loss: 0.0388, Acc: 99.30%
[with_random_oversampling] Batch 1300/1388, Loss: 0.0017, Acc: 99.18%
[with_random_oversampling] Batch 1350/1388, Loss: 0.0023, Acc: 99.17%

📅 Epoch 4/15
[with_random_oversampling] Batch 0/1388, Loss: 0.0030, Acc: 100.00%
[with_random_oversampling] Batch 50/1388, Loss: 0.0013, Acc: 99.02%
[with_random_oversampling] Batch 100/1388, Loss: 0.0444, Acc: 98.89%
[with_random_oversampling] Batch 150/1388, Loss: 0.0078, Acc: 99.25%
[with_random_oversampling] Batch 200/1388, Loss: 0.0011, Acc: 99.44%
[with_random_oversampling] Batch 250/1388, Loss: 0.0005, Acc: 99.55%
[with_random_oversampling] Batch 300/1388, Loss: 0.0008, Acc: 99.63%
[with_random_oversampling] Batch 350/1388, Loss: 0.0004, Acc: 99.68%
[with_random_oversampling] Batch 400/1388, Loss: 0.0004, Acc: 99.72%
[with_random_oversampling] Batch 450/1388, Loss: 0.0001, Acc: 99.75%
[with_random_oversampling] Batch 500/1388, Loss: 0.0003, Acc: 99.78%
[with_random_oversampling] Batch 550/1388, Loss: 0.0004, Acc: 99.80%
[with_random_oversampling] Batch 600/1388, Loss: 0.0003, Acc: 99.81%
[with_random_oversampling] Batch 650/1388, Loss: 0.0002, Acc: 99.83%
[with_random_oversampling] Batch 700/1388, Loss: 0.0003, Acc: 99.84%
[with_random_oversampling] Batch 750/1388, Loss: 0.0003, Acc: 99.85%
[with_random_oversampling] Batch 800/1388, Loss: 0.0001, Acc: 99.86%
[with_random_oversampling] Batch 850/1388, Loss: 0.0002, Acc: 99.87%
[with_random_oversampling] Batch 900/1388, Loss: 0.0001, Acc: 99.82%
[with_random_oversampling] Batch 950/1388, Loss: 0.0412, Acc: 99.65%
[with_random_oversampling] Batch 1000/1388, Loss: 0.0006, Acc: 99.65%
[with_random_oversampling] Batch 1050/1388, Loss: 0.0002, Acc: 99.67%
[with_random_oversampling] Batch 1100/1388, Loss: 0.0007, Acc: 99.67%
[with_random_oversampling] Batch 1150/1388, Loss: 0.0005, Acc: 99.65%
[with_random_oversampling] Batch 1200/1388, Loss: 0.0008, Acc: 99.64%
[with_random_oversampling] Batch 1250/1388, Loss: 0.0003, Acc: 99.63%
[with_random_oversampling] Batch 1300/1388, Loss: 0.0002, Acc: 99.64%
[with_random_oversampling] Batch 1350/1388, Loss: 0.0001, Acc: 99.66%

📅 Epoch 5/15
[with_random_oversampling] Batch 0/1388, Loss: 0.0002, Acc: 100.00%
[with_random_oversampling] Batch 50/1388, Loss: 0.0006, Acc: 100.00%
[with_random_oversampling] Batch 100/1388, Loss: 0.0001, Acc: 100.00%
[with_random_oversampling] Batch 150/1388, Loss: 0.0001, Acc: 100.00%
[with_random_oversampling] Batch 200/1388, Loss: 0.0029, Acc: 99.44%
[with_random_oversampling] Batch 250/1388, Loss: 0.0003, Acc: 99.00%
[with_random_oversampling] Batch 300/1388, Loss: 0.0047, Acc: 98.59%
[with_random_oversampling] Batch 350/1388, Loss: 0.0038, Acc: 98.54%
[with_random_oversampling] Batch 400/1388, Loss: 0.7641, Acc: 98.60%
[with_random_oversampling] Batch 450/1388, Loss: 0.0004, Acc: 98.73%
[with_random_oversampling] Batch 500/1388, Loss: 0.0009, Acc: 98.83%
[with_random_oversampling] Batch 550/1388, Loss: 0.0009, Acc: 98.93%
[with_random_oversampling] Batch 600/1388, Loss: 0.0009, Acc: 99.02%
[with_random_oversampling] Batch 650/1388, Loss: 0.0001, Acc: 99.10%
[with_random_oversampling] Batch 700/1388, Loss: 0.0002, Acc: 99.16%
[with_random_oversampling] Batch 750/1388, Loss: 0.0001, Acc: 99.22%
[with_random_oversampling] Batch 800/1388, Loss: 0.0001, Acc: 99.27%
[with_random_oversampling] Batch 850/1388, Loss: 0.0002, Acc: 99.31%
[with_random_oversampling] Batch 900/1388, Loss: 0.0002, Acc: 99.35%
[with_random_oversampling] Batch 950/1388, Loss: 0.0002, Acc: 99.38%
[with_random_oversampling] Batch 1000/1388, Loss: 0.0002, Acc: 99.41%
[with_random_oversampling] Batch 1050/1388, Loss: 0.0001, Acc: 99.44%
[with_random_oversampling] Batch 1100/1388, Loss: 0.0000, Acc: 99.47%
[with_random_oversampling] Batch 1150/1388, Loss: 0.0001, Acc: 99.49%
[with_random_oversampling] Batch 1200/1388, Loss: 0.0001, Acc: 99.51%
[with_random_oversampling] Batch 1250/1388, Loss: 0.0001, Acc: 99.53%
[with_random_oversampling] Batch 1300/1388, Loss: 0.0002, Acc: 99.55%
[with_random_oversampling] Batch 1350/1388, Loss: 0.0001, Acc: 99.55%
   Train Loss: 0.0164, Train Acc: 99.55%
   Test Acc: 92.17%, Macro F1: 66.71%, Classes Learned: 6/7

📅 Epoch 6/15
[with_random_oversampling] Batch 0/1388, Loss: 0.0004, Acc: 100.00%
[with_random_oversampling] Batch 50/1388, Loss: 0.0015, Acc: 99.75%
[with_random_oversampling] Batch 100/1388, Loss: 0.0001, Acc: 99.88%
[with_random_oversampling] Batch 150/1388, Loss: 0.0002, Acc: 99.92%
[with_random_oversampling] Batch 200/1388, Loss: 0.0002, Acc: 99.94%
[with_random_oversampling] Batch 250/1388, Loss: 0.0001, Acc: 99.95%
[with_random_oversampling] Batch 300/1388, Loss: 0.0003, Acc: 99.96%
[with_random_oversampling] Batch 350/1388, Loss: 0.0001, Acc: 99.96%
[with_random_oversampling] Batch 400/1388, Loss: 0.0001, Acc: 99.97%
[with_random_oversampling] Batch 450/1388, Loss: 0.0001, Acc: 99.97%
[with_random_oversampling] Batch 500/1388, Loss: 0.0001, Acc: 99.95%
[with_random_oversampling] Batch 550/1388, Loss: 0.0006, Acc: 99.95%
[with_random_oversampling] Batch 600/1388, Loss: 0.0581, Acc: 99.92%
[with_random_oversampling] Batch 650/1388, Loss: 0.0005, Acc: 99.92%
[with_random_oversampling] Batch 700/1388, Loss: 0.0002, Acc: 99.93%
[with_random_oversampling] Batch 750/1388, Loss: 0.0012, Acc: 99.72%
[with_random_oversampling] Batch 800/1388, Loss: 0.0112, Acc: 99.59%
[with_random_oversampling] Batch 850/1388, Loss: 0.1595, Acc: 99.52%
[with_random_oversampling] Batch 900/1388, Loss: 0.0013, Acc: 99.29%
[with_random_oversampling] Batch 950/1388, Loss: 0.0005, Acc: 99.30%
[with_random_oversampling] Batch 1000/1388, Loss: 0.7714, Acc: 99.29%
[with_random_oversampling] Batch 1050/1388, Loss: 0.0081, Acc: 99.23%
[with_random_oversampling] Batch 1100/1388, Loss: 0.0002, Acc: 99.26%
[with_random_oversampling] Batch 1150/1388, Loss: 0.0003, Acc: 99.29%
[with_random_oversampling] Batch 1200/1388, Loss: 0.0002, Acc: 99.32%
[with_random_oversampling] Batch 1250/1388, Loss: 0.0002, Acc: 99.35%
[with_random_oversampling] Batch 1300/1388, Loss: 0.0003, Acc: 99.38%
[with_random_oversampling] Batch 1350/1388, Loss: 0.0011, Acc: 99.40%

📅 Epoch 7/15
[with_random_oversampling] Batch 0/1388, Loss: 0.0001, Acc: 100.00%
[with_random_oversampling] Batch 50/1388, Loss: 0.0002, Acc: 100.00%
[with_random_oversampling] Batch 100/1388, Loss: 0.0003, Acc: 100.00%
[with_random_oversampling] Batch 150/1388, Loss: 0.0001, Acc: 100.00%
[with_random_oversampling] Batch 200/1388, Loss: 0.0001, Acc: 100.00%
[with_random_oversampling] Batch 250/1388, Loss: 0.0001, Acc: 100.00%
[with_random_oversampling] Batch 300/1388, Loss: 0.0002, Acc: 100.00%
[with_random_oversampling] Batch 350/1388, Loss: 0.0002, Acc: 100.00%
[with_random_oversampling] Batch 400/1388, Loss: 0.0001, Acc: 100.00%
[with_random_oversampling] Batch 450/1388, Loss: 0.0001, Acc: 100.00%
[with_random_oversampling] Batch 500/1388, Loss: 0.0001, Acc: 100.00%
[with_random_oversampling] Batch 550/1388, Loss: 0.0001, Acc: 100.00%
[with_random_oversampling] Batch 600/1388, Loss: 0.0001, Acc: 100.00%
[with_random_oversampling] Batch 650/1388, Loss: 0.0002, Acc: 100.00%
[with_random_oversampling] Batch 700/1388, Loss: 0.0001, Acc: 100.00%
[with_random_oversampling] Batch 750/1388, Loss: 0.0001, Acc: 100.00%
[with_random_oversampling] Batch 800/1388, Loss: 0.0001, Acc: 99.97%
[with_random_oversampling] Batch 850/1388, Loss: 0.0002, Acc: 99.93%
[with_random_oversampling] Batch 900/1388, Loss: 0.0004, Acc: 99.90%
[with_random_oversampling] Batch 950/1388, Loss: 0.0001, Acc: 99.91%
[with_random_oversampling] Batch 1000/1388, Loss: 0.0001, Acc: 99.91%
[with_random_oversampling] Batch 1050/1388, Loss: 0.0024, Acc: 99.92%
[with_random_oversampling] Batch 1100/1388, Loss: 0.0001, Acc: 99.92%
[with_random_oversampling] Batch 1150/1388, Loss: 0.0000, Acc: 99.92%
[with_random_oversampling] Batch 1200/1388, Loss: 0.0001, Acc: 99.93%
[with_random_oversampling] Batch 1250/1388, Loss: 0.0118, Acc: 99.88%
[with_random_oversampling] Batch 1300/1388, Loss: 0.0001, Acc: 99.83%
[with_random_oversampling] Batch 1350/1388, Loss: 0.0003, Acc: 99.82%

📅 Epoch 8/15
[with_random_oversampling] Batch 0/1388, Loss: 0.0001, Acc: 100.00%
[with_random_oversampling] Batch 50/1388, Loss: 0.0001, Acc: 100.00%
[with_random_oversampling] Batch 100/1388, Loss: 0.0001, Acc: 100.00%
[with_random_oversampling] Batch 150/1388, Loss: 0.0065, Acc: 99.83%
[with_random_oversampling] Batch 200/1388, Loss: 0.0133, Acc: 99.13%
[with_random_oversampling] Batch 250/1388, Loss: 0.0019, Acc: 99.30%
[with_random_oversampling] Batch 300/1388, Loss: 0.0006, Acc: 99.38%
[with_random_oversampling] Batch 350/1388, Loss: 0.0009, Acc: 99.39%
[with_random_oversampling] Batch 400/1388, Loss: 0.0082, Acc: 99.47%
[with_random_oversampling] Batch 450/1388, Loss: 0.0005, Acc: 99.53%
[with_random_oversampling] Batch 500/1388, Loss: 0.4678, Acc: 99.28%
[with_random_oversampling] Batch 550/1388, Loss: 0.0089, Acc: 98.87%
[with_random_oversampling] Batch 600/1388, Loss: 0.0030, Acc: 98.92%
[with_random_oversampling] Batch 650/1388, Loss: 0.0002, Acc: 98.98%
[with_random_oversampling] Batch 700/1388, Loss: 0.0023, Acc: 99.02%
[with_random_oversampling] Batch 750/1388, Loss: 0.0009, Acc: 99.07%
[with_random_oversampling] Batch 800/1388, Loss: 0.0020, Acc: 99.08%
[with_random_oversampling] Batch 850/1388, Loss: 0.0001, Acc: 99.12%
[with_random_oversampling] Batch 900/1388, Loss: 0.0002, Acc: 99.17%
[with_random_oversampling] Batch 950/1388, Loss: 0.0001, Acc: 99.21%
[with_random_oversampling] Batch 1000/1388, Loss: 0.0002, Acc: 99.25%
[with_random_oversampling] Batch 1050/1388, Loss: 0.0004, Acc: 99.29%
[with_random_oversampling] Batch 1100/1388, Loss: 0.0627, Acc: 99.32%
[with_random_oversampling] Batch 1150/1388, Loss: 0.0001, Acc: 99.35%
[with_random_oversampling] Batch 1200/1388, Loss: 0.0001, Acc: 99.38%
[with_random_oversampling] Batch 1250/1388, Loss: 0.0002, Acc: 99.40%
[with_random_oversampling] Batch 1300/1388, Loss: 0.0001, Acc: 99.42%
[with_random_oversampling] Batch 1350/1388, Loss: 0.0001, Acc: 99.44%

📅 Epoch 9/15
[with_random_oversampling] Batch 0/1388, Loss: 0.0001, Acc: 100.00%
[with_random_oversampling] Batch 50/1388, Loss: 0.0001, Acc: 100.00%
[with_random_oversampling] Batch 100/1388, Loss: 0.0000, Acc: 100.00%
[with_random_oversampling] Batch 150/1388, Loss: 0.0001, Acc: 100.00%
[with_random_oversampling] Batch 200/1388, Loss: 0.0001, Acc: 100.00%
[with_random_oversampling] Batch 250/1388, Loss: 0.0000, Acc: 100.00%
[with_random_oversampling] Batch 300/1388, Loss: 0.0000, Acc: 100.00%
[with_random_oversampling] Batch 350/1388, Loss: 0.0000, Acc: 100.00%
[with_random_oversampling] Batch 400/1388, Loss: 0.0002, Acc: 99.94%
[with_random_oversampling] Batch 450/1388, Loss: 0.0081, Acc: 99.42%
[with_random_oversampling] Batch 500/1388, Loss: 0.0015, Acc: 99.40%
[with_random_oversampling] Batch 550/1388, Loss: 0.0002, Acc: 99.46%
[with_random_oversampling] Batch 600/1388, Loss: 0.0006, Acc: 99.50%
[with_random_oversampling] Batch 650/1388, Loss: 0.0001, Acc: 99.52%
[with_random_oversampling] Batch 700/1388, Loss: 0.0003, Acc: 99.55%
[with_random_oversampling] Batch 750/1388, Loss: 0.0003, Acc: 99.55%
[with_random_oversampling] Batch 800/1388, Loss: 0.0001, Acc: 99.55%
[with_random_oversampling] Batch 850/1388, Loss: 0.0001, Acc: 99.53%
[with_random_oversampling] Batch 900/1388, Loss: 0.0001, Acc: 99.53%
[with_random_oversampling] Batch 950/1388, Loss: 0.0001, Acc: 99.55%
[with_random_oversampling] Batch 1000/1388, Loss: 0.0003, Acc: 99.58%
[with_random_oversampling] Batch 1050/1388, Loss: 0.0002, Acc: 99.60%
[with_random_oversampling] Batch 1100/1388, Loss: 0.0002, Acc: 99.61%
[with_random_oversampling] Batch 1150/1388, Loss: 0.0001, Acc: 99.63%
[with_random_oversampling] Batch 1200/1388, Loss: 0.0001, Acc: 99.65%
[with_random_oversampling] Batch 1250/1388, Loss: 0.0001, Acc: 99.66%
[with_random_oversampling] Batch 1300/1388, Loss: 0.0002, Acc: 99.67%
[with_random_oversampling] Batch 1350/1388, Loss: 0.0000, Acc: 99.69%

📅 Epoch 10/15
[with_random_oversampling] Batch 0/1388, Loss: 0.0001, Acc: 100.00%
[with_random_oversampling] Batch 50/1388, Loss: 0.0002, Acc: 99.51%
[with_random_oversampling] Batch 100/1388, Loss: 0.0003, Acc: 99.26%
[with_random_oversampling] Batch 150/1388, Loss: 0.0009, Acc: 99.50%
[with_random_oversampling] Batch 200/1388, Loss: 0.0001, Acc: 99.44%
[with_random_oversampling] Batch 250/1388, Loss: 0.0008, Acc: 99.40%
[with_random_oversampling] Batch 300/1388, Loss: 0.0006, Acc: 99.46%
[with_random_oversampling] Batch 350/1388, Loss: 0.0050, Acc: 99.39%
[with_random_oversampling] Batch 400/1388, Loss: 0.0006, Acc: 99.44%
[with_random_oversampling] Batch 450/1388, Loss: 0.0002, Acc: 99.50%
[with_random_oversampling] Batch 500/1388, Loss: 0.0003, Acc: 99.55%
[with_random_oversampling] Batch 550/1388, Loss: 0.0002, Acc: 99.59%
[with_random_oversampling] Batch 600/1388, Loss: 0.0001, Acc: 99.63%
[with_random_oversampling] Batch 650/1388, Loss: 0.0002, Acc: 99.65%
[with_random_oversampling] Batch 700/1388, Loss: 0.0000, Acc: 99.68%
[with_random_oversampling] Batch 750/1388, Loss: 0.0001, Acc: 99.70%
[with_random_oversampling] Batch 800/1388, Loss: 0.0000, Acc: 99.72%
[with_random_oversampling] Batch 850/1388, Loss: 0.0004, Acc: 99.74%
[with_random_oversampling] Batch 900/1388, Loss: 0.0000, Acc: 99.75%
[with_random_oversampling] Batch 950/1388, Loss: 0.0001, Acc: 99.76%
[with_random_oversampling] Batch 1000/1388, Loss: 0.0001, Acc: 99.78%
[with_random_oversampling] Batch 1050/1388, Loss: 0.0002, Acc: 99.79%
[with_random_oversampling] Batch 1100/1388, Loss: 0.0001, Acc: 99.80%
[with_random_oversampling] Batch 1150/1388, Loss: 0.0000, Acc: 99.80%
[with_random_oversampling] Batch 1200/1388, Loss: 0.0000, Acc: 99.81%
[with_random_oversampling] Batch 1250/1388, Loss: 0.0000, Acc: 99.82%
[with_random_oversampling] Batch 1300/1388, Loss: 0.0000, Acc: 99.83%
[with_random_oversampling] Batch 1350/1388, Loss: 0.0000, Acc: 99.83%
   Train Loss: 0.0087, Train Acc: 99.82%
   Test Acc: 91.74%, Macro F1: 66.67%, Classes Learned: 6/7

📅 Epoch 11/15
[with_random_oversampling] Batch 0/1388, Loss: 0.0000, Acc: 100.00%
[with_random_oversampling] Batch 50/1388, Loss: 0.0042, Acc: 99.26%
[with_random_oversampling] Batch 100/1388, Loss: 0.3510, Acc: 99.13%
[with_random_oversampling] Batch 150/1388, Loss: 0.0005, Acc: 98.84%
[with_random_oversampling] Batch 200/1388, Loss: 0.0713, Acc: 98.94%
[with_random_oversampling] Batch 250/1388, Loss: 0.0003, Acc: 99.10%
[with_random_oversampling] Batch 300/1388, Loss: 0.0002, Acc: 99.25%
[with_random_oversampling] Batch 350/1388, Loss: 0.2223, Acc: 99.15%
[with_random_oversampling] Batch 400/1388, Loss: 0.0000, Acc: 99.22%
[with_random_oversampling] Batch 450/1388, Loss: 0.0344, Acc: 99.20%
[with_random_oversampling] Batch 500/1388, Loss: 0.0214, Acc: 99.15%
[with_random_oversampling] Batch 550/1388, Loss: 0.0020, Acc: 99.18%
[with_random_oversampling] Batch 600/1388, Loss: 0.0002, Acc: 99.25%
[with_random_oversampling] Batch 650/1388, Loss: 0.0002, Acc: 99.29%
[with_random_oversampling] Batch 700/1388, Loss: 0.0001, Acc: 99.30%
[with_random_oversampling] Batch 750/1388, Loss: 0.0097, Acc: 99.33%
[with_random_oversampling] Batch 800/1388, Loss: 0.0001, Acc: 99.38%
[with_random_oversampling] Batch 850/1388, Loss: 0.0013, Acc: 99.38%
[with_random_oversampling] Batch 900/1388, Loss: 0.0002, Acc: 99.42%
[with_random_oversampling] Batch 950/1388, Loss: 0.0010, Acc: 99.42%
[with_random_oversampling] Batch 1000/1388, Loss: 0.0001, Acc: 99.45%
[with_random_oversampling] Batch 1050/1388, Loss: 0.0001, Acc: 99.48%
[with_random_oversampling] Batch 1100/1388, Loss: 0.0001, Acc: 99.50%
[with_random_oversampling] Batch 1150/1388, Loss: 0.0000, Acc: 99.52%
[with_random_oversampling] Batch 1200/1388, Loss: 0.0001, Acc: 99.54%
[with_random_oversampling] Batch 1250/1388, Loss: 0.0001, Acc: 99.56%
[with_random_oversampling] Batch 1300/1388, Loss: 0.0001, Acc: 99.58%
[with_random_oversampling] Batch 1350/1388, Loss: 0.0000, Acc: 99.59%

📅 Epoch 12/15
[with_random_oversampling] Batch 0/1388, Loss: 0.0000, Acc: 100.00%
[with_random_oversampling] Batch 50/1388, Loss: 0.0001, Acc: 100.00%
[with_random_oversampling] Batch 100/1388, Loss: 0.0001, Acc: 100.00%
[with_random_oversampling] Batch 150/1388, Loss: 0.0000, Acc: 100.00%
[with_random_oversampling] Batch 200/1388, Loss: 0.0000, Acc: 100.00%
[with_random_oversampling] Batch 250/1388, Loss: 0.0000, Acc: 100.00%
[with_random_oversampling] Batch 300/1388, Loss: 0.0001, Acc: 100.00%
[with_random_oversampling] Batch 350/1388, Loss: 0.0000, Acc: 100.00%
[with_random_oversampling] Batch 400/1388, Loss: 0.0000, Acc: 100.00%
[with_random_oversampling] Batch 450/1388, Loss: 0.0000, Acc: 100.00%
[with_random_oversampling] Batch 500/1388, Loss: 0.0000, Acc: 100.00%
[with_random_oversampling] Batch 550/1388, Loss: 0.0000, Acc: 100.00%
[with_random_oversampling] Batch 600/1388, Loss: 0.0000, Acc: 100.00%
[with_random_oversampling] Batch 650/1388, Loss: 0.0000, Acc: 100.00%
[with_random_oversampling] Batch 700/1388, Loss: 0.0000, Acc: 100.00%
[with_random_oversampling] Batch 750/1388, Loss: 0.0000, Acc: 100.00%
[with_random_oversampling] Batch 800/1388, Loss: 0.0000, Acc: 100.00%
[with_random_oversampling] Batch 850/1388, Loss: 0.0000, Acc: 100.00%
[with_random_oversampling] Batch 900/1388, Loss: 0.0000, Acc: 100.00%
[with_random_oversampling] Batch 950/1388, Loss: 0.0000, Acc: 100.00%
[with_random_oversampling] Batch 1000/1388, Loss: 0.0000, Acc: 100.00%
[with_random_oversampling] Batch 1050/1388, Loss: 0.0000, Acc: 100.00%
[with_random_oversampling] Batch 1100/1388, Loss: 0.0000, Acc: 100.00%
[with_random_oversampling] Batch 1150/1388, Loss: 0.0000, Acc: 100.00%
[with_random_oversampling] Batch 1200/1388, Loss: 0.0000, Acc: 100.00%
[with_random_oversampling] Batch 1250/1388, Loss: 0.0000, Acc: 100.00%
[with_random_oversampling] Batch 1300/1388, Loss: 0.0000, Acc: 100.00%
[with_random_oversampling] Batch 1350/1388, Loss: 0.0000, Acc: 100.00%

📅 Epoch 13/15
[with_random_oversampling] Batch 0/1388, Loss: 0.0000, Acc: 100.00%
[with_random_oversampling] Batch 50/1388, Loss: 0.0000, Acc: 100.00%
[with_random_oversampling] Batch 100/1388, Loss: 0.0000, Acc: 100.00%
[with_random_oversampling] Batch 150/1388, Loss: 0.0000, Acc: 100.00%
[with_random_oversampling] Batch 200/1388, Loss: 0.0000, Acc: 100.00%
[with_random_oversampling] Batch 250/1388, Loss: 0.0000, Acc: 100.00%
[with_random_oversampling] Batch 300/1388, Loss: 0.0000, Acc: 100.00%
[with_random_oversampling] Batch 350/1388, Loss: 0.0000, Acc: 100.00%
[with_random_oversampling] Batch 400/1388, Loss: 0.0000, Acc: 100.00%
[with_random_oversampling] Batch 450/1388, Loss: 0.0000, Acc: 100.00%
[with_random_oversampling] Batch 500/1388, Loss: 0.0000, Acc: 100.00%
[with_random_oversampling] Batch 550/1388, Loss: 0.0000, Acc: 100.00%
[with_random_oversampling] Batch 600/1388, Loss: 0.0000, Acc: 100.00%
[with_random_oversampling] Batch 650/1388, Loss: 0.0000, Acc: 100.00%
[with_random_oversampling] Batch 700/1388, Loss: 0.0000, Acc: 100.00%
[with_random_oversampling] Batch 750/1388, Loss: 0.0000, Acc: 100.00%
[with_random_oversampling] Batch 800/1388, Loss: 0.0000, Acc: 100.00%
[with_random_oversampling] Batch 850/1388, Loss: 0.0000, Acc: 100.00%
[with_random_oversampling] Batch 900/1388, Loss: 0.0000, Acc: 100.00%
[with_random_oversampling] Batch 950/1388, Loss: 0.0000, Acc: 100.00%
[with_random_oversampling] Batch 1000/1388, Loss: 0.0000, Acc: 100.00%
[with_random_oversampling] Batch 1050/1388, Loss: 0.0000, Acc: 100.00%
[with_random_oversampling] Batch 1100/1388, Loss: 0.0000, Acc: 100.00%
[with_random_oversampling] Batch 1150/1388, Loss: 0.0000, Acc: 100.00%
[with_random_oversampling] Batch 1200/1388, Loss: 0.0000, Acc: 100.00%
[with_random_oversampling] Batch 1250/1388, Loss: 0.0000, Acc: 100.00%
[with_random_oversampling] Batch 1300/1388, Loss: 0.0000, Acc: 100.00%
[with_random_oversampling] Batch 1350/1388, Loss: 0.0000, Acc: 100.00%

📅 Epoch 14/15
[with_random_oversampling] Batch 0/1388, Loss: 0.0000, Acc: 100.00%
[with_random_oversampling] Batch 50/1388, Loss: 0.0000, Acc: 100.00%
[with_random_oversampling] Batch 100/1388, Loss: 0.0000, Acc: 100.00%
[with_random_oversampling] Batch 150/1388, Loss: 0.0000, Acc: 100.00%
[with_random_oversampling] Batch 200/1388, Loss: 0.0000, Acc: 100.00%
[with_random_oversampling] Batch 250/1388, Loss: 0.0000, Acc: 100.00%
[with_random_oversampling] Batch 300/1388, Loss: 0.0000, Acc: 100.00%
[with_random_oversampling] Batch 350/1388, Loss: 0.0000, Acc: 100.00%
[with_random_oversampling] Batch 400/1388, Loss: 0.0000, Acc: 100.00%
[with_random_oversampling] Batch 450/1388, Loss: 0.0000, Acc: 100.00%
[with_random_oversampling] Batch 500/1388, Loss: 0.0000, Acc: 100.00%
[with_random_oversampling] Batch 550/1388, Loss: 0.0000, Acc: 100.00%
[with_random_oversampling] Batch 600/1388, Loss: 0.0000, Acc: 100.00%
[with_random_oversampling] Batch 650/1388, Loss: 0.0000, Acc: 100.00%
[with_random_oversampling] Batch 700/1388, Loss: 0.0000, Acc: 100.00%
[with_random_oversampling] Batch 750/1388, Loss: 0.0000, Acc: 100.00%
[with_random_oversampling] Batch 800/1388, Loss: 0.0000, Acc: 100.00%
[with_random_oversampling] Batch 850/1388, Loss: 0.0000, Acc: 100.00%
[with_random_oversampling] Batch 900/1388, Loss: 0.0000, Acc: 100.00%
[with_random_oversampling] Batch 950/1388, Loss: 0.0000, Acc: 100.00%
[with_random_oversampling] Batch 1000/1388, Loss: 0.0000, Acc: 100.00%
[with_random_oversampling] Batch 1050/1388, Loss: 0.0000, Acc: 100.00%
[with_random_oversampling] Batch 1100/1388, Loss: 0.0000, Acc: 100.00%
[with_random_oversampling] Batch 1150/1388, Loss: 0.0000, Acc: 100.00%
[with_random_oversampling] Batch 1200/1388, Loss: 0.0000, Acc: 100.00%
[with_random_oversampling] Batch 1250/1388, Loss: 0.0000, Acc: 100.00%
[with_random_oversampling] Batch 1300/1388, Loss: 0.0000, Acc: 100.00%
[with_random_oversampling] Batch 1350/1388, Loss: 0.0000, Acc: 100.00%

📅 Epoch 15/15
[with_random_oversampling] Batch 0/1388, Loss: 0.0000, Acc: 100.00%
[with_random_oversampling] Batch 50/1388, Loss: 0.0000, Acc: 100.00%
[with_random_oversampling] Batch 100/1388, Loss: 0.0000, Acc: 100.00%
[with_random_oversampling] Batch 150/1388, Loss: 0.0000, Acc: 100.00%
[with_random_oversampling] Batch 200/1388, Loss: 0.0000, Acc: 100.00%
[with_random_oversampling] Batch 250/1388, Loss: 0.0000, Acc: 100.00%
[with_random_oversampling] Batch 300/1388, Loss: 0.0000, Acc: 100.00%
[with_random_oversampling] Batch 350/1388, Loss: 0.0000, Acc: 100.00%
[with_random_oversampling] Batch 400/1388, Loss: 0.0000, Acc: 100.00%
[with_random_oversampling] Batch 450/1388, Loss: 0.0000, Acc: 100.00%
[with_random_oversampling] Batch 500/1388, Loss: 0.0000, Acc: 100.00%
[with_random_oversampling] Batch 550/1388, Loss: 0.0000, Acc: 100.00%
[with_random_oversampling] Batch 600/1388, Loss: 0.0000, Acc: 100.00%
[with_random_oversampling] Batch 650/1388, Loss: 0.0000, Acc: 100.00%
[with_random_oversampling] Batch 700/1388, Loss: 0.0000, Acc: 100.00%
[with_random_oversampling] Batch 750/1388, Loss: 0.0000, Acc: 100.00%
[with_random_oversampling] Batch 800/1388, Loss: 0.0000, Acc: 100.00%
[with_random_oversampling] Batch 850/1388, Loss: 0.0000, Acc: 100.00%
[with_random_oversampling] Batch 900/1388, Loss: 0.0000, Acc: 100.00%
[with_random_oversampling] Batch 950/1388, Loss: 0.0000, Acc: 100.00%
[with_random_oversampling] Batch 1000/1388, Loss: 0.0000, Acc: 100.00%
[with_random_oversampling] Batch 1050/1388, Loss: 0.0000, Acc: 100.00%
[with_random_oversampling] Batch 1100/1388, Loss: 0.0000, Acc: 100.00%
[with_random_oversampling] Batch 1150/1388, Loss: 0.0000, Acc: 100.00%
[with_random_oversampling] Batch 1200/1388, Loss: 0.0000, Acc: 100.00%
[with_random_oversampling] Batch 1250/1388, Loss: 0.0000, Acc: 100.00%
[with_random_oversampling] Batch 1300/1388, Loss: 0.0000, Acc: 100.00%
[with_random_oversampling] Batch 1350/1388, Loss: 0.0000, Acc: 100.00%
   Train Loss: 0.0000, Train Acc: 100.00%
   Test Acc: 89.57%, Macro F1: 42.63%, Classes Learned: 4/7

✅ with_random_oversampling completed in 5:53:06.387551
🏆 Best Results:
   Accuracy: 92.17%
   Macro F1: 66.71%
   Classes Learned: 6/7

⏳ Running configuration 4/6

================================================================================
🔬 RUNNING ABLATION: WITH_SMOTE_OVERSAMPLING
================================================================================
📊 Configuration:
   smart_augmentation: False
   oversampling: smote
   class_weights: False
   focal_loss: False
   description: Economic consolidation + SMOTE oversampling
🔄 Applying smote oversampling...
   Original distribution: Counter({np.int64(6): 1586, np.int64(0): 97, np.int64(3): 63, np.int64(4): 38, np.int64(5): 21, np.int64(2): 20, np.int64(1): 5})
   SMOTE oversampling skipped for image data - using random instead
   Resampled distribution: Counter({np.int64(0): 1586, np.int64(6): 1586, np.int64(3): 1586, np.int64(5): 1586, np.int64(2): 1586, np.int64(4): 1586, np.int64(1): 1586})
📥 Loading RS5M checkpoint from final_code/checkpoints/RS5M_ViT-H-14.pt
✅ Loaded RS5M visual weights: 392 parameters
📊 Using Standard Cross-Entropy Loss

🚀 Starting training for 15 epochs...

📅 Epoch 1/15
[with_smote_oversampling] Batch 0/1388, Loss: 2.0965, Acc: 0.00%
[with_smote_oversampling] Batch 50/1388, Loss: 0.3821, Acc: 52.94%
[with_smote_oversampling] Batch 100/1388, Loss: 0.3558, Acc: 70.42%
[with_smote_oversampling] Batch 150/1388, Loss: 0.0362, Acc: 78.31%
[with_smote_oversampling] Batch 200/1388, Loss: 0.0142, Acc: 82.52%
[with_smote_oversampling] Batch 250/1388, Loss: 0.0196, Acc: 85.66%
[with_smote_oversampling] Batch 300/1388, Loss: 0.0087, Acc: 87.67%
[with_smote_oversampling] Batch 350/1388, Loss: 0.0206, Acc: 88.96%
[with_smote_oversampling] Batch 400/1388, Loss: 0.0093, Acc: 90.12%
[with_smote_oversampling] Batch 450/1388, Loss: 0.0239, Acc: 90.94%
[with_smote_oversampling] Batch 500/1388, Loss: 0.0047, Acc: 91.72%
[with_smote_oversampling] Batch 550/1388, Loss: 0.0379, Acc: 92.26%
[with_smote_oversampling] Batch 600/1388, Loss: 0.0037, Acc: 92.72%
[with_smote_oversampling] Batch 650/1388, Loss: 0.0152, Acc: 92.84%
[with_smote_oversampling] Batch 700/1388, Loss: 0.0029, Acc: 93.30%
[with_smote_oversampling] Batch 750/1388, Loss: 0.0027, Acc: 93.73%
[with_smote_oversampling] Batch 800/1388, Loss: 0.0062, Acc: 93.99%
[with_smote_oversampling] Batch 850/1388, Loss: 0.0018, Acc: 94.27%
[with_smote_oversampling] Batch 900/1388, Loss: 0.0040, Acc: 94.55%
[with_smote_oversampling] Batch 950/1388, Loss: 0.0021, Acc: 94.82%
[with_smote_oversampling] Batch 1000/1388, Loss: 0.0075, Acc: 95.05%
[with_smote_oversampling] Batch 1050/1388, Loss: 0.6975, Acc: 95.16%
[with_smote_oversampling] Batch 1100/1388, Loss: 0.0021, Acc: 95.30%
[with_smote_oversampling] Batch 1150/1388, Loss: 0.0175, Acc: 95.36%
[with_smote_oversampling] Batch 1200/1388, Loss: 0.1844, Acc: 95.50%
[with_smote_oversampling] Batch 1250/1388, Loss: 0.0012, Acc: 95.66%
[with_smote_oversampling] Batch 1300/1388, Loss: 0.0030, Acc: 95.75%
[with_smote_oversampling] Batch 1350/1388, Loss: 0.0034, Acc: 95.89%

📅 Epoch 2/15
[with_smote_oversampling] Batch 0/1388, Loss: 0.0010, Acc: 100.00%
[with_smote_oversampling] Batch 50/1388, Loss: 0.0019, Acc: 99.02%
[with_smote_oversampling] Batch 100/1388, Loss: 0.0633, Acc: 98.89%
[with_smote_oversampling] Batch 150/1388, Loss: 0.0049, Acc: 98.51%
[with_smote_oversampling] Batch 200/1388, Loss: 0.0014, Acc: 98.88%
[with_smote_oversampling] Batch 250/1388, Loss: 0.0008, Acc: 98.90%
[with_smote_oversampling] Batch 300/1388, Loss: 0.0039, Acc: 99.04%
[with_smote_oversampling] Batch 350/1388, Loss: 0.0020, Acc: 99.04%
[with_smote_oversampling] Batch 400/1388, Loss: 0.0052, Acc: 99.03%
[with_smote_oversampling] Batch 450/1388, Loss: 0.0039, Acc: 99.00%
[with_smote_oversampling] Batch 500/1388, Loss: 0.0023, Acc: 98.95%
[with_smote_oversampling] Batch 550/1388, Loss: 0.0008, Acc: 98.82%
[with_smote_oversampling] Batch 600/1388, Loss: 0.0945, Acc: 98.77%
[with_smote_oversampling] Batch 650/1388, Loss: 0.0021, Acc: 98.81%
[with_smote_oversampling] Batch 700/1388, Loss: 0.0035, Acc: 98.86%
[with_smote_oversampling] Batch 750/1388, Loss: 0.0013, Acc: 98.92%
[with_smote_oversampling] Batch 800/1388, Loss: 0.0004, Acc: 98.97%
[with_smote_oversampling] Batch 850/1388, Loss: 0.0005, Acc: 99.03%
[with_smote_oversampling] Batch 900/1388, Loss: 0.0006, Acc: 99.08%
[with_smote_oversampling] Batch 950/1388, Loss: 0.0002, Acc: 99.13%
[with_smote_oversampling] Batch 1000/1388, Loss: 0.0348, Acc: 99.16%
[with_smote_oversampling] Batch 1050/1388, Loss: 0.0008, Acc: 99.20%
[with_smote_oversampling] Batch 1100/1388, Loss: 0.0005, Acc: 99.24%
[with_smote_oversampling] Batch 1150/1388, Loss: 0.0188, Acc: 99.09%
[with_smote_oversampling] Batch 1200/1388, Loss: 0.0242, Acc: 99.09%
[with_smote_oversampling] Batch 1250/1388, Loss: 0.0141, Acc: 98.95%
[with_smote_oversampling] Batch 1300/1388, Loss: 0.0008, Acc: 98.98%
[with_smote_oversampling] Batch 1350/1388, Loss: 0.0021, Acc: 98.97%

📅 Epoch 3/15
[with_smote_oversampling] Batch 0/1388, Loss: 0.0037, Acc: 100.00%
[with_smote_oversampling] Batch 50/1388, Loss: 0.0022, Acc: 99.75%
[with_smote_oversampling] Batch 100/1388, Loss: 0.0007, Acc: 99.50%
[with_smote_oversampling] Batch 150/1388, Loss: 0.0028, Acc: 99.50%
[with_smote_oversampling] Batch 200/1388, Loss: 0.0031, Acc: 99.50%
[with_smote_oversampling] Batch 250/1388, Loss: 0.0004, Acc: 99.45%
[with_smote_oversampling] Batch 300/1388, Loss: 0.0009, Acc: 99.54%
[with_smote_oversampling] Batch 350/1388, Loss: 0.0003, Acc: 99.61%
[with_smote_oversampling] Batch 400/1388, Loss: 0.0032, Acc: 99.50%
[with_smote_oversampling] Batch 450/1388, Loss: 0.0049, Acc: 99.33%
[with_smote_oversampling] Batch 500/1388, Loss: 0.0004, Acc: 99.20%
[with_smote_oversampling] Batch 550/1388, Loss: 0.0016, Acc: 99.25%
[with_smote_oversampling] Batch 600/1388, Loss: 0.0013, Acc: 99.31%
[with_smote_oversampling] Batch 650/1388, Loss: 0.0001, Acc: 99.37%
[with_smote_oversampling] Batch 700/1388, Loss: 0.0004, Acc: 99.34%
[with_smote_oversampling] Batch 750/1388, Loss: 0.0016, Acc: 99.37%
[with_smote_oversampling] Batch 800/1388, Loss: 0.0003, Acc: 99.39%
[with_smote_oversampling] Batch 850/1388, Loss: 0.0009, Acc: 99.40%
[with_smote_oversampling] Batch 900/1388, Loss: 0.0003, Acc: 99.42%
[with_smote_oversampling] Batch 950/1388, Loss: 0.0008, Acc: 99.38%
[with_smote_oversampling] Batch 1000/1388, Loss: 0.1002, Acc: 99.20%
[with_smote_oversampling] Batch 1050/1388, Loss: 0.0062, Acc: 99.16%
[with_smote_oversampling] Batch 1100/1388, Loss: 0.0016, Acc: 99.19%
[with_smote_oversampling] Batch 1150/1388, Loss: 0.0337, Acc: 99.21%
[with_smote_oversampling] Batch 1200/1388, Loss: 0.0012, Acc: 99.24%
[with_smote_oversampling] Batch 1250/1388, Loss: 0.0002, Acc: 99.27%
[with_smote_oversampling] Batch 1300/1388, Loss: 0.0008, Acc: 99.30%
[with_smote_oversampling] Batch 1350/1388, Loss: 0.0008, Acc: 99.32%

📅 Epoch 4/15
[with_smote_oversampling] Batch 0/1388, Loss: 0.0004, Acc: 100.00%
[with_smote_oversampling] Batch 50/1388, Loss: 0.0004, Acc: 100.00%
[with_smote_oversampling] Batch 100/1388, Loss: 0.0004, Acc: 100.00%
[with_smote_oversampling] Batch 150/1388, Loss: 0.0002, Acc: 100.00%
[with_smote_oversampling] Batch 200/1388, Loss: 0.0093, Acc: 99.69%
[with_smote_oversampling] Batch 250/1388, Loss: 0.0009, Acc: 99.70%
[with_smote_oversampling] Batch 300/1388, Loss: 0.0009, Acc: 99.71%
[with_smote_oversampling] Batch 350/1388, Loss: 0.0009, Acc: 99.75%
[with_smote_oversampling] Batch 400/1388, Loss: 0.0003, Acc: 99.66%
[with_smote_oversampling] Batch 450/1388, Loss: 0.0031, Acc: 99.50%
[with_smote_oversampling] Batch 500/1388, Loss: 0.0009, Acc: 99.53%
[with_smote_oversampling] Batch 550/1388, Loss: 0.0099, Acc: 99.50%
[with_smote_oversampling] Batch 600/1388, Loss: 0.0012, Acc: 99.54%
[with_smote_oversampling] Batch 650/1388, Loss: 0.0006, Acc: 99.58%
[with_smote_oversampling] Batch 700/1388, Loss: 0.0005, Acc: 99.61%
[with_smote_oversampling] Batch 750/1388, Loss: 0.0005, Acc: 99.63%
[with_smote_oversampling] Batch 800/1388, Loss: 0.0003, Acc: 99.66%
[with_smote_oversampling] Batch 850/1388, Loss: 0.0004, Acc: 99.68%
[with_smote_oversampling] Batch 900/1388, Loss: 0.0002, Acc: 99.69%
[with_smote_oversampling] Batch 950/1388, Loss: 0.0003, Acc: 99.71%
[with_smote_oversampling] Batch 1000/1388, Loss: 0.0002, Acc: 99.73%
[with_smote_oversampling] Batch 1050/1388, Loss: 0.0003, Acc: 99.74%
[with_smote_oversampling] Batch 1100/1388, Loss: 0.0003, Acc: 99.75%
[with_smote_oversampling] Batch 1150/1388, Loss: 0.1646, Acc: 99.71%
[with_smote_oversampling] Batch 1200/1388, Loss: 0.0015, Acc: 99.65%
[with_smote_oversampling] Batch 1250/1388, Loss: 0.0007, Acc: 99.64%
[with_smote_oversampling] Batch 1300/1388, Loss: 0.0009, Acc: 99.65%
[with_smote_oversampling] Batch 1350/1388, Loss: 0.0054, Acc: 99.60%

📅 Epoch 5/15
[with_smote_oversampling] Batch 0/1388, Loss: 0.0023, Acc: 100.00%
[with_smote_oversampling] Batch 50/1388, Loss: 0.0006, Acc: 99.02%
[with_smote_oversampling] Batch 100/1388, Loss: 0.0028, Acc: 99.01%
[with_smote_oversampling] Batch 150/1388, Loss: 0.0020, Acc: 99.17%
[with_smote_oversampling] Batch 200/1388, Loss: 0.0005, Acc: 99.38%
[with_smote_oversampling] Batch 250/1388, Loss: 0.0006, Acc: 99.45%
[with_smote_oversampling] Batch 300/1388, Loss: 0.0002, Acc: 99.54%
[with_smote_oversampling] Batch 350/1388, Loss: 0.0019, Acc: 99.61%
[with_smote_oversampling] Batch 400/1388, Loss: 0.0001, Acc: 99.66%
[with_smote_oversampling] Batch 450/1388, Loss: 0.0002, Acc: 99.67%
[with_smote_oversampling] Batch 500/1388, Loss: 0.0001, Acc: 99.70%
[with_smote_oversampling] Batch 550/1388, Loss: 0.0002, Acc: 99.73%
[with_smote_oversampling] Batch 600/1388, Loss: 0.0001, Acc: 99.75%
[with_smote_oversampling] Batch 650/1388, Loss: 0.0001, Acc: 99.77%
[with_smote_oversampling] Batch 700/1388, Loss: 0.0001, Acc: 99.79%
[with_smote_oversampling] Batch 750/1388, Loss: 0.0001, Acc: 99.80%
[with_smote_oversampling] Batch 800/1388, Loss: 0.0001, Acc: 99.81%
[with_smote_oversampling] Batch 850/1388, Loss: 0.0002, Acc: 99.82%
[with_smote_oversampling] Batch 900/1388, Loss: 0.0001, Acc: 99.83%
[with_smote_oversampling] Batch 950/1388, Loss: 0.0001, Acc: 99.84%
[with_smote_oversampling] Batch 1000/1388, Loss: 0.0000, Acc: 99.85%
[with_smote_oversampling] Batch 1050/1388, Loss: 0.0001, Acc: 99.86%
[with_smote_oversampling] Batch 1100/1388, Loss: 0.0001, Acc: 99.86%
[with_smote_oversampling] Batch 1150/1388, Loss: 0.0000, Acc: 99.87%
[with_smote_oversampling] Batch 1200/1388, Loss: 0.0001, Acc: 99.88%
[with_smote_oversampling] Batch 1250/1388, Loss: 0.0000, Acc: 99.88%
[with_smote_oversampling] Batch 1300/1388, Loss: 0.0000, Acc: 99.88%
[with_smote_oversampling] Batch 1350/1388, Loss: 0.0000, Acc: 99.89%
   Train Loss: 0.0053, Train Acc: 99.89%
   Test Acc: 90.87%, Macro F1: 67.24%, Classes Learned: 6/7

📅 Epoch 6/15
[with_smote_oversampling] Batch 0/1388, Loss: 0.0000, Acc: 100.00%
[with_smote_oversampling] Batch 50/1388, Loss: 0.0000, Acc: 100.00%
[with_smote_oversampling] Batch 100/1388, Loss: 0.0000, Acc: 100.00%
[with_smote_oversampling] Batch 150/1388, Loss: 0.0001, Acc: 100.00%
[with_smote_oversampling] Batch 200/1388, Loss: 0.0001, Acc: 100.00%
[with_smote_oversampling] Batch 250/1388, Loss: 0.0000, Acc: 100.00%
[with_smote_oversampling] Batch 300/1388, Loss: 0.0001, Acc: 100.00%
[with_smote_oversampling] Batch 350/1388, Loss: 0.0000, Acc: 100.00%
[with_smote_oversampling] Batch 400/1388, Loss: 0.0000, Acc: 100.00%
[with_smote_oversampling] Batch 450/1388, Loss: 0.0000, Acc: 100.00%
[with_smote_oversampling] Batch 500/1388, Loss: 0.0000, Acc: 100.00%
[with_smote_oversampling] Batch 550/1388, Loss: 0.0000, Acc: 100.00%
[with_smote_oversampling] Batch 600/1388, Loss: 0.0000, Acc: 100.00%
[with_smote_oversampling] Batch 650/1388, Loss: 0.0000, Acc: 100.00%
[with_smote_oversampling] Batch 700/1388, Loss: 0.0000, Acc: 100.00%
[with_smote_oversampling] Batch 750/1388, Loss: 0.0000, Acc: 100.00%
[with_smote_oversampling] Batch 800/1388, Loss: 0.0000, Acc: 100.00%
[with_smote_oversampling] Batch 850/1388, Loss: 0.0000, Acc: 100.00%
[with_smote_oversampling] Batch 900/1388, Loss: 0.0000, Acc: 100.00%
[with_smote_oversampling] Batch 950/1388, Loss: 0.0000, Acc: 100.00%
[with_smote_oversampling] Batch 1000/1388, Loss: 0.0000, Acc: 100.00%
[with_smote_oversampling] Batch 1050/1388, Loss: 0.0000, Acc: 100.00%
[with_smote_oversampling] Batch 1100/1388, Loss: 0.0000, Acc: 100.00%
[with_smote_oversampling] Batch 1150/1388, Loss: 0.0000, Acc: 100.00%
[with_smote_oversampling] Batch 1200/1388, Loss: 0.0000, Acc: 100.00%
[with_smote_oversampling] Batch 1250/1388, Loss: 0.0000, Acc: 100.00%
[with_smote_oversampling] Batch 1300/1388, Loss: 0.0000, Acc: 100.00%
[with_smote_oversampling] Batch 1350/1388, Loss: 0.0000, Acc: 100.00%

📅 Epoch 7/15
[with_smote_oversampling] Batch 0/1388, Loss: 0.0000, Acc: 100.00%
[with_smote_oversampling] Batch 50/1388, Loss: 0.0000, Acc: 100.00%
[with_smote_oversampling] Batch 100/1388, Loss: 0.0000, Acc: 100.00%
[with_smote_oversampling] Batch 150/1388, Loss: 0.0000, Acc: 100.00%
[with_smote_oversampling] Batch 200/1388, Loss: 0.0000, Acc: 100.00%
[with_smote_oversampling] Batch 250/1388, Loss: 0.0000, Acc: 100.00%
[with_smote_oversampling] Batch 300/1388, Loss: 0.0000, Acc: 100.00%
[with_smote_oversampling] Batch 350/1388, Loss: 0.0000, Acc: 100.00%
[with_smote_oversampling] Batch 400/1388, Loss: 0.0000, Acc: 100.00%
[with_smote_oversampling] Batch 450/1388, Loss: 0.0000, Acc: 100.00%
[with_smote_oversampling] Batch 500/1388, Loss: 0.0000, Acc: 100.00%
[with_smote_oversampling] Batch 550/1388, Loss: 0.0000, Acc: 100.00%
[with_smote_oversampling] Batch 600/1388, Loss: 0.0000, Acc: 100.00%
[with_smote_oversampling] Batch 650/1388, Loss: 0.0000, Acc: 100.00%
[with_smote_oversampling] Batch 700/1388, Loss: 0.0000, Acc: 100.00%
[with_smote_oversampling] Batch 750/1388, Loss: 0.0000, Acc: 100.00%
[with_smote_oversampling] Batch 800/1388, Loss: 0.0000, Acc: 100.00%
[with_smote_oversampling] Batch 850/1388, Loss: 0.0000, Acc: 100.00%
[with_smote_oversampling] Batch 900/1388, Loss: 0.0000, Acc: 100.00%
[with_smote_oversampling] Batch 950/1388, Loss: 0.0000, Acc: 100.00%
[with_smote_oversampling] Batch 1000/1388, Loss: 0.0000, Acc: 100.00%
[with_smote_oversampling] Batch 1050/1388, Loss: 0.0000, Acc: 100.00%
[with_smote_oversampling] Batch 1100/1388, Loss: 0.0000, Acc: 100.00%
[with_smote_oversampling] Batch 1150/1388, Loss: 0.0000, Acc: 100.00%
[with_smote_oversampling] Batch 1200/1388, Loss: 0.0000, Acc: 100.00%
[with_smote_oversampling] Batch 1250/1388, Loss: 0.0000, Acc: 100.00%
[with_smote_oversampling] Batch 1300/1388, Loss: 0.0000, Acc: 100.00%
[with_smote_oversampling] Batch 1350/1388, Loss: 0.0000, Acc: 100.00%

📅 Epoch 8/15
[with_smote_oversampling] Batch 0/1388, Loss: 0.0000, Acc: 100.00%
[with_smote_oversampling] Batch 50/1388, Loss: 0.0000, Acc: 100.00%
[with_smote_oversampling] Batch 100/1388, Loss: 0.0000, Acc: 100.00%
[with_smote_oversampling] Batch 150/1388, Loss: 0.0000, Acc: 100.00%
[with_smote_oversampling] Batch 200/1388, Loss: 0.0000, Acc: 100.00%
[with_smote_oversampling] Batch 250/1388, Loss: 0.0000, Acc: 100.00%
[with_smote_oversampling] Batch 300/1388, Loss: 0.0000, Acc: 100.00%
[with_smote_oversampling] Batch 350/1388, Loss: 0.0000, Acc: 100.00%
[with_smote_oversampling] Batch 400/1388, Loss: 0.0000, Acc: 100.00%
[with_smote_oversampling] Batch 450/1388, Loss: 0.0000, Acc: 100.00%
[with_smote_oversampling] Batch 500/1388, Loss: 0.0000, Acc: 100.00%
[with_smote_oversampling] Batch 550/1388, Loss: 0.0000, Acc: 100.00%
[with_smote_oversampling] Batch 600/1388, Loss: 0.0000, Acc: 100.00%
[with_smote_oversampling] Batch 650/1388, Loss: 0.0000, Acc: 100.00%
[with_smote_oversampling] Batch 700/1388, Loss: 0.0000, Acc: 100.00%
[with_smote_oversampling] Batch 750/1388, Loss: 0.0000, Acc: 100.00%
[with_smote_oversampling] Batch 800/1388, Loss: 0.0000, Acc: 100.00%
[with_smote_oversampling] Batch 850/1388, Loss: 0.0000, Acc: 100.00%
[with_smote_oversampling] Batch 900/1388, Loss: 0.0000, Acc: 100.00%
[with_smote_oversampling] Batch 950/1388, Loss: 0.0000, Acc: 100.00%
[with_smote_oversampling] Batch 1000/1388, Loss: 0.0000, Acc: 100.00%
[with_smote_oversampling] Batch 1050/1388, Loss: 0.0000, Acc: 100.00%
[with_smote_oversampling] Batch 1100/1388, Loss: 0.0000, Acc: 100.00%
[with_smote_oversampling] Batch 1150/1388, Loss: 0.0000, Acc: 100.00%
[with_smote_oversampling] Batch 1200/1388, Loss: 0.0000, Acc: 100.00%
[with_smote_oversampling] Batch 1250/1388, Loss: 0.0000, Acc: 100.00%
[with_smote_oversampling] Batch 1300/1388, Loss: 0.0000, Acc: 100.00%
[with_smote_oversampling] Batch 1350/1388, Loss: 0.0000, Acc: 100.00%

📅 Epoch 9/15
[with_smote_oversampling] Batch 0/1388, Loss: 0.0000, Acc: 100.00%
[with_smote_oversampling] Batch 50/1388, Loss: 0.0000, Acc: 100.00%
[with_smote_oversampling] Batch 100/1388, Loss: 0.0000, Acc: 100.00%
[with_smote_oversampling] Batch 150/1388, Loss: 0.0000, Acc: 100.00%
[with_smote_oversampling] Batch 200/1388, Loss: 0.0000, Acc: 100.00%
[with_smote_oversampling] Batch 250/1388, Loss: 0.0000, Acc: 100.00%
[with_smote_oversampling] Batch 300/1388, Loss: 0.0000, Acc: 100.00%
[with_smote_oversampling] Batch 350/1388, Loss: 0.0000, Acc: 100.00%
[with_smote_oversampling] Batch 400/1388, Loss: 0.0000, Acc: 100.00%
[with_smote_oversampling] Batch 450/1388, Loss: 0.0000, Acc: 100.00%
[with_smote_oversampling] Batch 500/1388, Loss: 0.0000, Acc: 100.00%
[with_smote_oversampling] Batch 550/1388, Loss: 0.0000, Acc: 100.00%
[with_smote_oversampling] Batch 600/1388, Loss: 0.0000, Acc: 100.00%
[with_smote_oversampling] Batch 650/1388, Loss: 0.0000, Acc: 100.00%
[with_smote_oversampling] Batch 700/1388, Loss: 0.0000, Acc: 100.00%
[with_smote_oversampling] Batch 750/1388, Loss: 0.0000, Acc: 100.00%
[with_smote_oversampling] Batch 800/1388, Loss: 0.0000, Acc: 100.00%
[with_smote_oversampling] Batch 850/1388, Loss: 0.0000, Acc: 100.00%
[with_smote_oversampling] Batch 900/1388, Loss: 0.0000, Acc: 100.00%
[with_smote_oversampling] Batch 950/1388, Loss: 0.0000, Acc: 100.00%
[with_smote_oversampling] Batch 1000/1388, Loss: 0.0000, Acc: 100.00%
[with_smote_oversampling] Batch 1050/1388, Loss: 0.0000, Acc: 100.00%
[with_smote_oversampling] Batch 1100/1388, Loss: 0.0000, Acc: 100.00%
[with_smote_oversampling] Batch 1150/1388, Loss: 0.0000, Acc: 100.00%
[with_smote_oversampling] Batch 1200/1388, Loss: 0.0000, Acc: 100.00%
[with_smote_oversampling] Batch 1250/1388, Loss: 0.0000, Acc: 100.00%
[with_smote_oversampling] Batch 1300/1388, Loss: 0.0000, Acc: 100.00%
[with_smote_oversampling] Batch 1350/1388, Loss: 0.0000, Acc: 100.00%

📅 Epoch 10/15
[with_smote_oversampling] Batch 0/1388, Loss: 0.0000, Acc: 100.00%
[with_smote_oversampling] Batch 50/1388, Loss: 0.0000, Acc: 100.00%
[with_smote_oversampling] Batch 100/1388, Loss: 0.0000, Acc: 100.00%
[with_smote_oversampling] Batch 150/1388, Loss: 0.0000, Acc: 100.00%
[with_smote_oversampling] Batch 200/1388, Loss: 0.0000, Acc: 100.00%
[with_smote_oversampling] Batch 250/1388, Loss: 0.0000, Acc: 100.00%
[with_smote_oversampling] Batch 300/1388, Loss: 0.0000, Acc: 100.00%
[with_smote_oversampling] Batch 350/1388, Loss: 0.0000, Acc: 100.00%
[with_smote_oversampling] Batch 400/1388, Loss: 0.0000, Acc: 100.00%
[with_smote_oversampling] Batch 450/1388, Loss: 0.0000, Acc: 100.00%
[with_smote_oversampling] Batch 500/1388, Loss: 0.0000, Acc: 100.00%
[with_smote_oversampling] Batch 550/1388, Loss: 0.0000, Acc: 100.00%
[with_smote_oversampling] Batch 600/1388, Loss: 0.0000, Acc: 100.00%
[with_smote_oversampling] Batch 650/1388, Loss: 0.0000, Acc: 100.00%
[with_smote_oversampling] Batch 700/1388, Loss: 0.0000, Acc: 100.00%
[with_smote_oversampling] Batch 750/1388, Loss: 0.0000, Acc: 100.00%
[with_smote_oversampling] Batch 800/1388, Loss: 0.0000, Acc: 100.00%
[with_smote_oversampling] Batch 850/1388, Loss: 0.0000, Acc: 100.00%
[with_smote_oversampling] Batch 900/1388, Loss: 0.0000, Acc: 100.00%
[with_smote_oversampling] Batch 950/1388, Loss: 0.0000, Acc: 100.00%
[with_smote_oversampling] Batch 1000/1388, Loss: 0.0000, Acc: 100.00%
[with_smote_oversampling] Batch 1050/1388, Loss: 0.0000, Acc: 100.00%
[with_smote_oversampling] Batch 1100/1388, Loss: 0.0000, Acc: 100.00%
[with_smote_oversampling] Batch 1150/1388, Loss: 0.0000, Acc: 100.00%
[with_smote_oversampling] Batch 1200/1388, Loss: 0.0000, Acc: 100.00%
[with_smote_oversampling] Batch 1250/1388, Loss: 0.0000, Acc: 100.00%
[with_smote_oversampling] Batch 1300/1388, Loss: 0.0000, Acc: 100.00%
[with_smote_oversampling] Batch 1350/1388, Loss: 0.0000, Acc: 100.00%
   Train Loss: 0.0000, Train Acc: 100.00%
   Test Acc: 91.30%, Macro F1: 67.89%, Classes Learned: 6/7

📅 Epoch 11/15
[with_smote_oversampling] Batch 0/1388, Loss: 0.0000, Acc: 100.00%
[with_smote_oversampling] Batch 50/1388, Loss: 0.0000, Acc: 100.00%
[with_smote_oversampling] Batch 100/1388, Loss: 0.0000, Acc: 100.00%
[with_smote_oversampling] Batch 150/1388, Loss: 0.0000, Acc: 100.00%
[with_smote_oversampling] Batch 200/1388, Loss: 0.0000, Acc: 100.00%
[with_smote_oversampling] Batch 250/1388, Loss: 0.0000, Acc: 100.00%
[with_smote_oversampling] Batch 300/1388, Loss: 0.0000, Acc: 100.00%
[with_smote_oversampling] Batch 350/1388, Loss: 0.0000, Acc: 100.00%
[with_smote_oversampling] Batch 400/1388, Loss: 0.0000, Acc: 100.00%
[with_smote_oversampling] Batch 450/1388, Loss: 0.0000, Acc: 100.00%
[with_smote_oversampling] Batch 500/1388, Loss: 0.0000, Acc: 100.00%
[with_smote_oversampling] Batch 550/1388, Loss: 0.0000, Acc: 100.00%
[with_smote_oversampling] Batch 600/1388, Loss: 0.0000, Acc: 100.00%
[with_smote_oversampling] Batch 650/1388, Loss: 0.0000, Acc: 100.00%
[with_smote_oversampling] Batch 700/1388, Loss: 0.0000, Acc: 100.00%
[with_smote_oversampling] Batch 750/1388, Loss: 0.0000, Acc: 100.00%
[with_smote_oversampling] Batch 800/1388, Loss: 0.0000, Acc: 100.00%
[with_smote_oversampling] Batch 850/1388, Loss: 0.0000, Acc: 100.00%
[with_smote_oversampling] Batch 900/1388, Loss: 0.0000, Acc: 100.00%
[with_smote_oversampling] Batch 950/1388, Loss: 0.0000, Acc: 100.00%
[with_smote_oversampling] Batch 1000/1388, Loss: 0.0000, Acc: 100.00%
[with_smote_oversampling] Batch 1050/1388, Loss: 0.0000, Acc: 100.00%
[with_smote_oversampling] Batch 1100/1388, Loss: 0.0000, Acc: 100.00%
[with_smote_oversampling] Batch 1150/1388, Loss: 0.0000, Acc: 100.00%
[with_smote_oversampling] Batch 1200/1388, Loss: 0.0000, Acc: 100.00%
[with_smote_oversampling] Batch 1250/1388, Loss: 0.0000, Acc: 100.00%
[with_smote_oversampling] Batch 1300/1388, Loss: 0.0000, Acc: 100.00%
[with_smote_oversampling] Batch 1350/1388, Loss: 0.0000, Acc: 100.00%

📅 Epoch 12/15
[with_smote_oversampling] Batch 0/1388, Loss: 0.0000, Acc: 100.00%
[with_smote_oversampling] Batch 50/1388, Loss: 0.0000, Acc: 100.00%
[with_smote_oversampling] Batch 100/1388, Loss: 0.0000, Acc: 100.00%
[with_smote_oversampling] Batch 150/1388, Loss: 0.0000, Acc: 100.00%
[with_smote_oversampling] Batch 200/1388, Loss: 0.0000, Acc: 100.00%
[with_smote_oversampling] Batch 250/1388, Loss: 0.0000, Acc: 100.00%
[with_smote_oversampling] Batch 300/1388, Loss: 0.0000, Acc: 100.00%
[with_smote_oversampling] Batch 350/1388, Loss: 0.0000, Acc: 100.00%
[with_smote_oversampling] Batch 400/1388, Loss: 0.0000, Acc: 100.00%
[with_smote_oversampling] Batch 450/1388, Loss: 0.0000, Acc: 100.00%
[with_smote_oversampling] Batch 500/1388, Loss: 0.0000, Acc: 100.00%
[with_smote_oversampling] Batch 550/1388, Loss: 0.0000, Acc: 100.00%
[with_smote_oversampling] Batch 600/1388, Loss: 0.0000, Acc: 100.00%
[with_smote_oversampling] Batch 650/1388, Loss: 0.0000, Acc: 100.00%
[with_smote_oversampling] Batch 700/1388, Loss: 0.0000, Acc: 100.00%
[with_smote_oversampling] Batch 750/1388, Loss: 0.0000, Acc: 100.00%
[with_smote_oversampling] Batch 800/1388, Loss: 0.0000, Acc: 100.00%
[with_smote_oversampling] Batch 850/1388, Loss: 0.0000, Acc: 100.00%
[with_smote_oversampling] Batch 900/1388, Loss: 0.0000, Acc: 100.00%
[with_smote_oversampling] Batch 950/1388, Loss: 0.0000, Acc: 100.00%
[with_smote_oversampling] Batch 1000/1388, Loss: 0.0000, Acc: 100.00%
[with_smote_oversampling] Batch 1050/1388, Loss: 0.0000, Acc: 100.00%
[with_smote_oversampling] Batch 1100/1388, Loss: 0.0000, Acc: 100.00%
[with_smote_oversampling] Batch 1150/1388, Loss: 0.0000, Acc: 100.00%
[with_smote_oversampling] Batch 1200/1388, Loss: 0.0000, Acc: 100.00%
[with_smote_oversampling] Batch 1250/1388, Loss: 0.0000, Acc: 100.00%
[with_smote_oversampling] Batch 1300/1388, Loss: 0.0000, Acc: 100.00%
[with_smote_oversampling] Batch 1350/1388, Loss: 0.0000, Acc: 100.00%

📅 Epoch 13/15
[with_smote_oversampling] Batch 0/1388, Loss: 0.0000, Acc: 100.00%
[with_smote_oversampling] Batch 50/1388, Loss: 0.0000, Acc: 100.00%
[with_smote_oversampling] Batch 100/1388, Loss: 0.0000, Acc: 100.00%
[with_smote_oversampling] Batch 150/1388, Loss: 0.0000, Acc: 100.00%
[with_smote_oversampling] Batch 200/1388, Loss: 0.0000, Acc: 100.00%
[with_smote_oversampling] Batch 250/1388, Loss: 0.0000, Acc: 100.00%
[with_smote_oversampling] Batch 300/1388, Loss: 0.0000, Acc: 100.00%
[with_smote_oversampling] Batch 350/1388, Loss: 0.0000, Acc: 100.00%
[with_smote_oversampling] Batch 400/1388, Loss: 0.0000, Acc: 100.00%
[with_smote_oversampling] Batch 450/1388, Loss: 0.0000, Acc: 100.00%
[with_smote_oversampling] Batch 500/1388, Loss: 0.0000, Acc: 100.00%
[with_smote_oversampling] Batch 550/1388, Loss: 0.0000, Acc: 100.00%
[with_smote_oversampling] Batch 600/1388, Loss: 0.0000, Acc: 100.00%
[with_smote_oversampling] Batch 650/1388, Loss: 0.0000, Acc: 100.00%
[with_smote_oversampling] Batch 700/1388, Loss: 0.0000, Acc: 100.00%
[with_smote_oversampling] Batch 750/1388, Loss: 0.0000, Acc: 100.00%
[with_smote_oversampling] Batch 800/1388, Loss: 0.0000, Acc: 100.00%
[with_smote_oversampling] Batch 850/1388, Loss: 0.0000, Acc: 100.00%
[with_smote_oversampling] Batch 900/1388, Loss: 0.0000, Acc: 100.00%
[with_smote_oversampling] Batch 950/1388, Loss: 0.0000, Acc: 100.00%
[with_smote_oversampling] Batch 1000/1388, Loss: 0.0000, Acc: 100.00%
[with_smote_oversampling] Batch 1050/1388, Loss: 0.0000, Acc: 100.00%
[with_smote_oversampling] Batch 1100/1388, Loss: 0.0000, Acc: 100.00%
[with_smote_oversampling] Batch 1150/1388, Loss: 0.0000, Acc: 100.00%
[with_smote_oversampling] Batch 1200/1388, Loss: 0.0000, Acc: 100.00%
[with_smote_oversampling] Batch 1250/1388, Loss: 0.0000, Acc: 100.00%
[with_smote_oversampling] Batch 1300/1388, Loss: 0.0000, Acc: 100.00%
[with_smote_oversampling] Batch 1350/1388, Loss: 0.0000, Acc: 100.00%

📅 Epoch 14/15
[with_smote_oversampling] Batch 0/1388, Loss: 0.0000, Acc: 100.00%
[with_smote_oversampling] Batch 50/1388, Loss: 0.0000, Acc: 100.00%
[with_smote_oversampling] Batch 100/1388, Loss: 0.0000, Acc: 100.00%
[with_smote_oversampling] Batch 150/1388, Loss: 0.0000, Acc: 100.00%
[with_smote_oversampling] Batch 200/1388, Loss: 0.0000, Acc: 100.00%
[with_smote_oversampling] Batch 250/1388, Loss: 0.0000, Acc: 100.00%
[with_smote_oversampling] Batch 300/1388, Loss: 0.0000, Acc: 100.00%
[with_smote_oversampling] Batch 350/1388, Loss: 0.0000, Acc: 100.00%
[with_smote_oversampling] Batch 400/1388, Loss: 0.0000, Acc: 100.00%
[with_smote_oversampling] Batch 450/1388, Loss: 0.0000, Acc: 100.00%
[with_smote_oversampling] Batch 500/1388, Loss: 0.0000, Acc: 100.00%
[with_smote_oversampling] Batch 550/1388, Loss: 0.0000, Acc: 100.00%
[with_smote_oversampling] Batch 600/1388, Loss: 0.0000, Acc: 100.00%
[with_smote_oversampling] Batch 650/1388, Loss: 0.0000, Acc: 100.00%
[with_smote_oversampling] Batch 700/1388, Loss: 0.0000, Acc: 100.00%
[with_smote_oversampling] Batch 750/1388, Loss: 0.0000, Acc: 100.00%
[with_smote_oversampling] Batch 800/1388, Loss: 0.0000, Acc: 100.00%
[with_smote_oversampling] Batch 850/1388, Loss: 0.0000, Acc: 100.00%
[with_smote_oversampling] Batch 900/1388, Loss: 0.0000, Acc: 100.00%
[with_smote_oversampling] Batch 950/1388, Loss: 0.0000, Acc: 100.00%
[with_smote_oversampling] Batch 1000/1388, Loss: 0.0000, Acc: 100.00%
[with_smote_oversampling] Batch 1050/1388, Loss: 0.0000, Acc: 100.00%
[with_smote_oversampling] Batch 1100/1388, Loss: 0.0000, Acc: 100.00%
[with_smote_oversampling] Batch 1150/1388, Loss: 0.0000, Acc: 100.00%
[with_smote_oversampling] Batch 1200/1388, Loss: 0.0000, Acc: 100.00%
[with_smote_oversampling] Batch 1250/1388, Loss: 0.0000, Acc: 100.00%
[with_smote_oversampling] Batch 1300/1388, Loss: 0.0000, Acc: 100.00%
[with_smote_oversampling] Batch 1350/1388, Loss: 0.0000, Acc: 100.00%

📅 Epoch 15/15
[with_smote_oversampling] Batch 0/1388, Loss: 0.0000, Acc: 100.00%
[with_smote_oversampling] Batch 50/1388, Loss: 0.0000, Acc: 100.00%
[with_smote_oversampling] Batch 100/1388, Loss: 0.0000, Acc: 100.00%
[with_smote_oversampling] Batch 150/1388, Loss: 0.0000, Acc: 100.00%
[with_smote_oversampling] Batch 200/1388, Loss: 0.0000, Acc: 100.00%
[with_smote_oversampling] Batch 250/1388, Loss: 0.0000, Acc: 100.00%
[with_smote_oversampling] Batch 300/1388, Loss: 0.0000, Acc: 100.00%
[with_smote_oversampling] Batch 350/1388, Loss: 0.0000, Acc: 100.00%
[with_smote_oversampling] Batch 400/1388, Loss: 0.0000, Acc: 100.00%
[with_smote_oversampling] Batch 450/1388, Loss: 0.0000, Acc: 100.00%
[with_smote_oversampling] Batch 500/1388, Loss: 0.0000, Acc: 100.00%
[with_smote_oversampling] Batch 550/1388, Loss: 0.0000, Acc: 100.00%
[with_smote_oversampling] Batch 600/1388, Loss: 0.0000, Acc: 100.00%
[with_smote_oversampling] Batch 650/1388, Loss: 0.0000, Acc: 100.00%
[with_smote_oversampling] Batch 700/1388, Loss: 0.0000, Acc: 100.00%
[with_smote_oversampling] Batch 750/1388, Loss: 0.0000, Acc: 100.00%
[with_smote_oversampling] Batch 800/1388, Loss: 0.0000, Acc: 100.00%
[with_smote_oversampling] Batch 850/1388, Loss: 0.0000, Acc: 100.00%
[with_smote_oversampling] Batch 900/1388, Loss: 0.0000, Acc: 100.00%
[with_smote_oversampling] Batch 950/1388, Loss: 0.0000, Acc: 100.00%
[with_smote_oversampling] Batch 1000/1388, Loss: 0.0000, Acc: 100.00%
[with_smote_oversampling] Batch 1050/1388, Loss: 0.0000, Acc: 100.00%
[with_smote_oversampling] Batch 1100/1388, Loss: 0.0000, Acc: 100.00%
[with_smote_oversampling] Batch 1150/1388, Loss: 0.0000, Acc: 100.00%
[with_smote_oversampling] Batch 1200/1388, Loss: 0.0000, Acc: 100.00%
[with_smote_oversampling] Batch 1250/1388, Loss: 0.0000, Acc: 100.00%
[with_smote_oversampling] Batch 1300/1388, Loss: 0.0000, Acc: 100.00%
[with_smote_oversampling] Batch 1350/1388, Loss: 0.0000, Acc: 100.00%
   Train Loss: 0.0000, Train Acc: 100.00%
   Test Acc: 91.30%, Macro F1: 67.89%, Classes Learned: 6/7

✅ with_smote_oversampling completed in 5:52:44.170563
🏆 Best Results:
   Accuracy: 91.30%
   Macro F1: 67.89%
   Classes Learned: 6/7

⏳ Running configuration 5/6

================================================================================
🔬 RUNNING ABLATION: WITH_CLASS_WEIGHTS
================================================================================
📊 Configuration:
   smart_augmentation: False
   oversampling: None
   class_weights: True
   focal_loss: False
   description: Economic consolidation + balanced class weights
📥 Loading RS5M checkpoint from final_code/checkpoints/RS5M_ViT-H-14.pt
✅ Loaded RS5M visual weights: 392 parameters
⚖️  Using Class Weights

🚀 Starting training for 15 epochs...

📅 Epoch 1/15
[with_class_weights] Batch 0/229, Loss: 1.8075, Acc: 50.00%
[with_class_weights] Batch 50/229, Loss: 1.4077, Acc: 79.41%
[with_class_weights] Batch 100/229, Loss: 0.9523, Acc: 81.81%
[with_class_weights] Batch 150/229, Loss: 0.3146, Acc: 83.03%
[with_class_weights] Batch 200/229, Loss: 0.6328, Acc: 85.26%

📅 Epoch 2/15
[with_class_weights] Batch 0/229, Loss: 0.3430, Acc: 87.50%
[with_class_weights] Batch 50/229, Loss: 0.6582, Acc: 82.84%
[with_class_weights] Batch 100/229, Loss: 0.5818, Acc: 82.43%
[with_class_weights] Batch 150/229, Loss: 0.4730, Acc: 82.12%
[with_class_weights] Batch 200/229, Loss: 0.2506, Acc: 83.15%

📅 Epoch 3/15
[with_class_weights] Batch 0/229, Loss: 0.1336, Acc: 100.00%
[with_class_weights] Batch 50/229, Loss: 1.2316, Acc: 88.48%
[with_class_weights] Batch 100/229, Loss: 0.1414, Acc: 88.61%
[with_class_weights] Batch 150/229, Loss: 0.1265, Acc: 89.16%
[with_class_weights] Batch 200/229, Loss: 0.0345, Acc: 90.05%

📅 Epoch 4/15
[with_class_weights] Batch 0/229, Loss: 0.0152, Acc: 100.00%
[with_class_weights] Batch 50/229, Loss: 0.0748, Acc: 94.36%
[with_class_weights] Batch 100/229, Loss: 0.4995, Acc: 95.67%
[with_class_weights] Batch 150/229, Loss: 0.2842, Acc: 94.87%
[with_class_weights] Batch 200/229, Loss: 0.0776, Acc: 95.09%

📅 Epoch 5/15
[with_class_weights] Batch 0/229, Loss: 0.1298, Acc: 75.00%
[with_class_weights] Batch 50/229, Loss: 0.2850, Acc: 92.40%
[with_class_weights] Batch 100/229, Loss: 0.6227, Acc: 94.18%
[with_class_weights] Batch 150/229, Loss: 0.0640, Acc: 93.13%
[with_class_weights] Batch 200/229, Loss: 0.3906, Acc: 93.97%
   Train Loss: 0.3609, Train Acc: 93.77%
   Test Acc: 86.96%, Macro F1: 51.94%, Classes Learned: 5/7

📅 Epoch 6/15
[with_class_weights] Batch 0/229, Loss: 0.0058, Acc: 100.00%
[with_class_weights] Batch 50/229, Loss: 0.1950, Acc: 85.54%
[with_class_weights] Batch 100/229, Loss: 0.0153, Acc: 88.99%
[with_class_weights] Batch 150/229, Loss: 0.1149, Acc: 92.22%
[with_class_weights] Batch 200/229, Loss: 0.0061, Acc: 93.28%

📅 Epoch 7/15
[with_class_weights] Batch 0/229, Loss: 0.6639, Acc: 87.50%
[with_class_weights] Batch 50/229, Loss: 0.0840, Acc: 96.32%
[with_class_weights] Batch 100/229, Loss: 0.0021, Acc: 98.02%
[with_class_weights] Batch 150/229, Loss: 0.2937, Acc: 98.18%
[with_class_weights] Batch 200/229, Loss: 0.0046, Acc: 98.45%

📅 Epoch 8/15
[with_class_weights] Batch 0/229, Loss: 0.0019, Acc: 100.00%
[with_class_weights] Batch 50/229, Loss: 0.0116, Acc: 100.00%
[with_class_weights] Batch 100/229, Loss: 0.0041, Acc: 99.63%
[with_class_weights] Batch 150/229, Loss: 0.0100, Acc: 99.59%
[with_class_weights] Batch 200/229, Loss: 0.0032, Acc: 99.63%

📅 Epoch 9/15
[with_class_weights] Batch 0/229, Loss: 0.0024, Acc: 100.00%
[with_class_weights] Batch 50/229, Loss: 0.0027, Acc: 100.00%
[with_class_weights] Batch 100/229, Loss: 0.0006, Acc: 99.88%
[with_class_weights] Batch 150/229, Loss: 0.0005, Acc: 99.83%
[with_class_weights] Batch 200/229, Loss: 0.0114, Acc: 99.81%

📅 Epoch 10/15
[with_class_weights] Batch 0/229, Loss: 0.0016, Acc: 100.00%
[with_class_weights] Batch 50/229, Loss: 0.0006, Acc: 100.00%
[with_class_weights] Batch 100/229, Loss: 0.0016, Acc: 100.00%
[with_class_weights] Batch 150/229, Loss: 0.0007, Acc: 99.92%
[with_class_weights] Batch 200/229, Loss: 0.0018, Acc: 99.94%
   Train Loss: 0.0066, Train Acc: 99.89%
   Test Acc: 93.04%, Macro F1: 56.93%, Classes Learned: 5/7

📅 Epoch 11/15
[with_class_weights] Batch 0/229, Loss: 0.0018, Acc: 100.00%
[with_class_weights] Batch 50/229, Loss: 0.0022, Acc: 100.00%
[with_class_weights] Batch 100/229, Loss: 0.0002, Acc: 100.00%
[with_class_weights] Batch 150/229, Loss: 0.0008, Acc: 100.00%
[with_class_weights] Batch 200/229, Loss: 0.0039, Acc: 99.94%

📅 Epoch 12/15
[with_class_weights] Batch 0/229, Loss: 0.0024, Acc: 100.00%
[with_class_weights] Batch 50/229, Loss: 0.0012, Acc: 98.77%
[with_class_weights] Batch 100/229, Loss: 0.0133, Acc: 99.26%
[with_class_weights] Batch 150/229, Loss: 0.0048, Acc: 98.26%
[with_class_weights] Batch 200/229, Loss: 0.0016, Acc: 98.45%

📅 Epoch 13/15
[with_class_weights] Batch 0/229, Loss: 0.0037, Acc: 100.00%
[with_class_weights] Batch 50/229, Loss: 0.0021, Acc: 100.00%
[with_class_weights] Batch 100/229, Loss: 0.1046, Acc: 97.65%
[with_class_weights] Batch 150/229, Loss: 0.1355, Acc: 97.85%
[with_class_weights] Batch 200/229, Loss: 0.0020, Acc: 97.70%

📅 Epoch 14/15
[with_class_weights] Batch 0/229, Loss: 0.0028, Acc: 100.00%
[with_class_weights] Batch 50/229, Loss: 0.0372, Acc: 97.06%
[with_class_weights] Batch 100/229, Loss: 0.0021, Acc: 94.93%
[with_class_weights] Batch 150/229, Loss: 0.0311, Acc: 93.87%
[with_class_weights] Batch 200/229, Loss: 0.0212, Acc: 95.09%

📅 Epoch 15/15
[with_class_weights] Batch 0/229, Loss: 0.0007, Acc: 100.00%
[with_class_weights] Batch 50/229, Loss: 0.0475, Acc: 99.02%
[with_class_weights] Batch 100/229, Loss: 0.0020, Acc: 97.77%
[with_class_weights] Batch 150/229, Loss: 0.0596, Acc: 97.52%
[with_class_weights] Batch 200/229, Loss: 0.0027, Acc: 97.76%
   Train Loss: 0.1311, Train Acc: 97.92%
   Test Acc: 90.00%, Macro F1: 59.52%, Classes Learned: 6/7

✅ with_class_weights completed in 1:02:58.021096
🏆 Best Results:
   Accuracy: 93.04%
   Macro F1: 56.93%
   Classes Learned: 5/7

⏳ Running configuration 6/6

================================================================================
🔬 RUNNING ABLATION: WITH_FOCAL_LOSS
================================================================================
📊 Configuration:
   smart_augmentation: False
   oversampling: None
   class_weights: False
   focal_loss: True
   description: Economic consolidation + focal loss
📥 Loading RS5M checkpoint from final_code/checkpoints/RS5M_ViT-H-14.pt
✅ Loaded RS5M visual weights: 392 parameters
🎯 Using Focal Loss

🚀 Starting training for 15 epochs...

📅 Epoch 1/15
[with_focal_loss] Batch 0/229, Loss: 0.3637, Acc: 0.00%
[with_focal_loss] Batch 50/229, Loss: 0.0074, Acc: 85.78%
[with_focal_loss] Batch 100/229, Loss: 0.0264, Acc: 87.00%
[with_focal_loss] Batch 150/229, Loss: 0.1827, Acc: 88.33%
[with_focal_loss] Batch 200/229, Loss: 0.1187, Acc: 88.81%

📅 Epoch 2/15
[with_focal_loss] Batch 0/229, Loss: 0.0724, Acc: 75.00%
[with_focal_loss] Batch 50/229, Loss: 0.0042, Acc: 92.65%
[with_focal_loss] Batch 100/229, Loss: 0.0151, Acc: 92.82%
[with_focal_loss] Batch 150/229, Loss: 0.1302, Acc: 93.05%
[with_focal_loss] Batch 200/229, Loss: 0.0254, Acc: 92.35%

📅 Epoch 3/15
[with_focal_loss] Batch 0/229, Loss: 0.0092, Acc: 100.00%
[with_focal_loss] Batch 50/229, Loss: 0.0029, Acc: 96.57%
[with_focal_loss] Batch 100/229, Loss: 0.0012, Acc: 97.52%
[with_focal_loss] Batch 150/229, Loss: 0.0008, Acc: 96.94%
[with_focal_loss] Batch 200/229, Loss: 0.0024, Acc: 96.08%

📅 Epoch 4/15
[with_focal_loss] Batch 0/229, Loss: 0.0672, Acc: 87.50%
[with_focal_loss] Batch 50/229, Loss: 0.0007, Acc: 96.32%
[with_focal_loss] Batch 100/229, Loss: 0.0301, Acc: 96.91%
[with_focal_loss] Batch 150/229, Loss: 0.0064, Acc: 97.27%
[with_focal_loss] Batch 200/229, Loss: 0.0554, Acc: 97.57%

📅 Epoch 5/15
[with_focal_loss] Batch 0/229, Loss: 0.0077, Acc: 100.00%
[with_focal_loss] Batch 50/229, Loss: 0.0005, Acc: 97.06%
[with_focal_loss] Batch 100/229, Loss: 0.0009, Acc: 96.29%
[with_focal_loss] Batch 150/229, Loss: 0.0000, Acc: 97.10%
[with_focal_loss] Batch 200/229, Loss: 0.0293, Acc: 96.70%
   Train Loss: 0.0100, Train Acc: 96.50%
   Test Acc: 93.04%, Macro F1: 59.82%, Classes Learned: 5/7

📅 Epoch 6/15
[with_focal_loss] Batch 0/229, Loss: 0.0007, Acc: 100.00%
[with_focal_loss] Batch 50/229, Loss: 0.0001, Acc: 99.02%
[with_focal_loss] Batch 100/229, Loss: 0.0000, Acc: 99.26%
[with_focal_loss] Batch 150/229, Loss: 0.0003, Acc: 99.25%
[with_focal_loss] Batch 200/229, Loss: 0.0001, Acc: 99.00%

📅 Epoch 7/15
[with_focal_loss] Batch 0/229, Loss: 0.0001, Acc: 100.00%
[with_focal_loss] Batch 50/229, Loss: 0.0007, Acc: 99.51%
[with_focal_loss] Batch 100/229, Loss: 0.0001, Acc: 99.75%
[with_focal_loss] Batch 150/229, Loss: 0.0000, Acc: 99.83%
[with_focal_loss] Batch 200/229, Loss: 0.0000, Acc: 99.75%

📅 Epoch 8/15
[with_focal_loss] Batch 0/229, Loss: 0.0000, Acc: 100.00%
[with_focal_loss] Batch 50/229, Loss: 0.0001, Acc: 100.00%
[with_focal_loss] Batch 100/229, Loss: 0.0000, Acc: 100.00%
[with_focal_loss] Batch 150/229, Loss: 0.0000, Acc: 99.75%
[with_focal_loss] Batch 200/229, Loss: 0.0000, Acc: 99.25%

📅 Epoch 9/15
[with_focal_loss] Batch 0/229, Loss: 0.0009, Acc: 100.00%
[with_focal_loss] Batch 50/229, Loss: 0.0002, Acc: 98.04%
[with_focal_loss] Batch 100/229, Loss: 0.0006, Acc: 98.64%
[with_focal_loss] Batch 150/229, Loss: 0.0011, Acc: 98.92%
[with_focal_loss] Batch 200/229, Loss: 0.0002, Acc: 99.07%

📅 Epoch 10/15
[with_focal_loss] Batch 0/229, Loss: 0.0003, Acc: 100.00%
[with_focal_loss] Batch 50/229, Loss: 0.0326, Acc: 97.55%
[with_focal_loss] Batch 100/229, Loss: 0.0000, Acc: 98.64%
[with_focal_loss] Batch 150/229, Loss: 0.0000, Acc: 98.92%
[with_focal_loss] Batch 200/229, Loss: 0.0003, Acc: 99.07%
   Train Loss: 0.0031, Train Acc: 99.02%
   Test Acc: 94.78%, Macro F1: 75.07%, Classes Learned: 6/7

📅 Epoch 11/15
[with_focal_loss] Batch 0/229, Loss: 0.0001, Acc: 100.00%
[with_focal_loss] Batch 50/229, Loss: 0.0000, Acc: 99.26%
[with_focal_loss] Batch 100/229, Loss: 0.0005, Acc: 99.63%
[with_focal_loss] Batch 150/229, Loss: 0.0001, Acc: 99.67%
[with_focal_loss] Batch 200/229, Loss: 0.0001, Acc: 99.63%

📅 Epoch 12/15
[with_focal_loss] Batch 0/229, Loss: 0.0000, Acc: 100.00%
[with_focal_loss] Batch 50/229, Loss: 0.0011, Acc: 99.02%
[with_focal_loss] Batch 100/229, Loss: 0.0000, Acc: 99.38%
[with_focal_loss] Batch 150/229, Loss: 0.0001, Acc: 99.59%
[with_focal_loss] Batch 200/229, Loss: 0.0000, Acc: 99.69%

📅 Epoch 13/15
[with_focal_loss] Batch 0/229, Loss: 0.0001, Acc: 100.00%
[with_focal_loss] Batch 50/229, Loss: 0.0000, Acc: 100.00%
[with_focal_loss] Batch 100/229, Loss: 0.0000, Acc: 100.00%
[with_focal_loss] Batch 150/229, Loss: 0.0002, Acc: 100.00%
[with_focal_loss] Batch 200/229, Loss: 0.0000, Acc: 100.00%

📅 Epoch 14/15
[with_focal_loss] Batch 0/229, Loss: 0.0000, Acc: 100.00%
[with_focal_loss] Batch 50/229, Loss: 0.0000, Acc: 100.00%
[with_focal_loss] Batch 100/229, Loss: 0.0000, Acc: 100.00%
[with_focal_loss] Batch 150/229, Loss: 0.0000, Acc: 100.00%
[with_focal_loss] Batch 200/229, Loss: 0.0000, Acc: 100.00%

📅 Epoch 15/15
[with_focal_loss] Batch 0/229, Loss: 0.0000, Acc: 100.00%
[with_focal_loss] Batch 50/229, Loss: 0.0000, Acc: 100.00%
[with_focal_loss] Batch 100/229, Loss: 0.0000, Acc: 100.00%
[with_focal_loss] Batch 150/229, Loss: 0.0000, Acc: 100.00%
[with_focal_loss] Batch 200/229, Loss: 0.0000, Acc: 100.00%
   Train Loss: 0.0000, Train Acc: 100.00%
   Test Acc: 92.61%, Macro F1: 59.44%, Classes Learned: 5/7

✅ with_focal_loss completed in 1:03:08.073336
🏆 Best Results:
   Accuracy: 94.78%
   Macro F1: 75.07%
   Classes Learned: 6/7

================================================================================
📊 ABLATION STUDY RESULTS ANALYSIS
================================================================================

🏆 RANKING BY ACCURACY:
------------------------------------------------------------
🥇 with_focal_loss           |  94.78% | F1: 75.07% | Classes: 6/7
🥈 with_smart_augmentation   |  93.48% | F1: 66.50% | Classes: 5/7
🥉 with_class_weights        |  93.04% | F1: 56.93% | Classes: 5/7
4. consolidation_only        |  92.61% | F1: 63.65% | Classes: 6/7
5. with_random_oversampling  |  92.17% | F1: 66.71% | Classes: 6/7
6. with_smote_oversampling   |  91.30% | F1: 67.89% | Classes: 6/7

📉 IMPACT ANALYSIS (vs Consolidation Only baseline: 92.61%):
----------------------------------------------------------------------
📈 none                           |  +0.87% |  93.48%
➡️ oversampling(random)           |  -0.43% |  92.17%
📉 oversampling(smote)            |  -1.30% |  91.30%
📈 class_weights                  |  +0.43% |  93.04%
📈 focal_loss                     |  +2.17% |  94.78%

🧠 KEY INSIGHTS:
----------------------------------------
✅ Best approach: with_focal_loss
❌ Worst approach: with_smote_oversampling
🎨 Smart Augmentation impact: +0.87% vs baseline
📊 Traditional Oversampling impact: -0.87% vs baseline
🏆 Smart Augmentation beats Traditional Oversampling by 1.74%

🎓 ACADEMIC CONTRIBUTION:
--------------------------------------------------
✅ Systematic ablation study completed
✅ Economic consolidation approach validated
✅ Smart augmentation vs traditional oversampling compared
✅ Statistical rationale for domain-specific approaches validated
✅ Publication-ready evidence for breakthrough methodology

🎉 ABLATION STUDY COMPLETE!
⏱️  Total duration: 16:11:41.317702
📁 Results saved to: flag_classification_adaptation/experiments/corrected_ablation_fixed_20250820_085641_20250820_085645
🎓 Ready for thesis and publication!
